Component: ARM Compiler 5.06 update 6 (build 750) Tool: armlink [4d35ed]

==============================================================================

Section Cross References

    main.o(i.fputc) refers to gd32f30x_usart.o(i.usart_data_transmit) for usart_data_transmit
    main.o(i.fputc) refers to gd32f30x_usart.o(i.usart_flag_get) for usart_flag_get
    main.o(i.init_task) refers to gd32f307c_eval.o(i.gd_eval_com_init) for gd_eval_com_init
    main.o(i.init_task) refers to gd32f30x_fwdgt.o(i.fwdgt_config) for fwdgt_config
    main.o(i.init_task) refers to gd32f30x_fwdgt.o(i.fwdgt_write_disable) for fwdgt_write_disable
    main.o(i.init_task) refers to gd32f30x_fwdgt.o(i.fwdgt_enable) for fwdgt_enable
    main.o(i.init_task) refers to printf5.o(i.__0printf$5) for __2printf
    main.o(i.init_task) refers to gd32f30x_fmc.o(i.fmc_unlock) for fmc_unlock
    main.o(i.init_task) refers to gd32f30x_fmc.o(i.fmc_word_program) for fmc_word_program
    main.o(i.init_task) refers to gd32f30x_fmc.o(i.fmc_flag_clear) for fmc_flag_clear
    main.o(i.init_task) refers to gd32f30x_fmc.o(i.fmc_lock) for fmc_lock
    main.o(i.init_task) refers to display_dp.o(i.DisplayDeviceInit) for DisplayDeviceInit
    main.o(i.init_task) refers to display_dp.o(i.DisplayDriverInit) for DisplayDriverInit
    main.o(i.init_task) refers to clock_application.o(i.iHomeClockRTC_Init) for iHomeClockRTC_Init
    main.o(i.init_task) refers to gd32f30x_enet_eval.o(i.enet_system_setup) for enet_system_setup
    main.o(i.init_task) refers to netconf.o(i.lwip_stack_init) for lwip_stack_init
    main.o(i.init_task) refers to udp_echo.o(i.udp_echo_init) for udp_echo_init
    main.o(i.init_task) refers to ntp_client.o(i.ntp_client_init) for ntp_client_init
    main.o(i.init_task) refers to tasks.o(i.xTaskGenericCreate) for xTaskGenericCreate
    main.o(i.init_task) refers to tasks.o(i.vTaskDelete) for vTaskDelete
    main.o(i.init_task) refers to main.o(.conststring) for .conststring
    main.o(i.init_task) refers to main.o(.data) for EthInitStatusSuccess
    main.o(i.init_task) refers to netconf.o(i.dhcp_task) for dhcp_task
    main.o(i.init_task) refers to main.o(i.main_task) for main_task
    main.o(i.init_task) refers to main.o(i.linkCheck_task) for linkCheck_task
    main.o(i.linkCheck_task) refers to gd32f30x_enet_eval.o(i.enet_get_phy_link_status) for enet_get_phy_link_status
    main.o(i.linkCheck_task) refers to gd32f30x_enet_eval.o(i.enet_system_setup) for enet_system_setup
    main.o(i.linkCheck_task) refers to printf5.o(i.__0printf$5) for __2printf
    main.o(i.linkCheck_task) refers to netconf.o(i.lwip_stack_init) for lwip_stack_init
    main.o(i.linkCheck_task) refers to tasks.o(i.vTaskDelay) for vTaskDelay
    main.o(i.linkCheck_task) refers to main.o(.data) for EthInitStatusSuccess
    main.o(i.main) refers to gd32f30x_misc.o(i.nvic_priority_group_set) for nvic_priority_group_set
    main.o(i.main) refers to tasks.o(i.xTaskGenericCreate) for xTaskGenericCreate
    main.o(i.main) refers to tasks.o(i.vTaskStartScheduler) for vTaskStartScheduler
    main.o(i.main) refers to main.o(i.init_task) for init_task
    main.o(i.main_task) refers to queue.o(i.xQueueGenericCreate) for xQueueGenericCreate
    main.o(i.main_task) refers to queue.o(i.xQueueGenericReceive) for xQueueGenericReceive
    main.o(i.main_task) refers to sockets.o(i.lwip_sendto) for lwip_sendto
    main.o(i.main_task) refers to printf5.o(i.__0printf$5) for __2printf
    main.o(i.main_task) refers to gd32f30x_fmc.o(i.fmc_unlock) for fmc_unlock
    main.o(i.main_task) refers to gd32f30x_fmc.o(i.fmc_page_erase) for fmc_page_erase
    main.o(i.main_task) refers to gd32f30x_fmc.o(i.fmc_flag_clear) for fmc_flag_clear
    main.o(i.main_task) refers to strstr.o(.text) for strstr
    main.o(i.main_task) refers to gd32f30x_fmc.o(i.fmc_word_program) for fmc_word_program
    main.o(i.main_task) refers to gd32f30x_fmc.o(i.fmc_lock) for fmc_lock
    main.o(i.main_task) refers to timers.o(i.xTimerGenericCommand) for xTimerGenericCommand
    main.o(i.main_task) refers to display_dp.o(i.DisPlayPowerOFF) for DisPlayPowerOFF
    main.o(i.main_task) refers to tasks.o(i.vTaskDelay) for vTaskDelay
    main.o(i.main_task) refers to display_dp.o(i.DisPlayPowerON) for DisPlayPowerON
    main.o(i.main_task) refers to display_dp.o(i.DisPlaySpecialChar) for DisPlaySpecialChar
    main.o(i.main_task) refers to gd32f30x_fwdgt.o(i.fwdgt_counter_reload) for fwdgt_counter_reload
    main.o(i.main_task) refers to main.o(.data) for hMainTaskQueueHandle
    main.o(i.main_task) refers to netconf.o(.bss) for g_mynetif
    main.o(i.main_task) refers to clock_application.o(.data) for SystemUTCTime
    main.o(i.main_task) refers to udp_echo.o(.bss) for clock_server_addr
    main.o(i.main_task) refers to udp_echo.o(.data) for clock_server_udp_sockfd
    main.o(i.main_task) refers to display_dp.o(.data) for DisPlayTimer
    netconf.o(i.dhcp_task) refers to dhcp.o(i.dhcp_start) for dhcp_start
[...]
    main                                     0x08008319   Thumb Code    44  main.o(i.main)
    main_task                                0x08008351   Thumb Code   714  main.o(i.main_task)
    mem_free                                 0x08008719   Thumb Code   184  mem.o(i.mem_free)
    mem_init                                 0x0800888d   Thumb Code   110  mem.o(i.mem_init)
    mem_malloc                               0x08008989   Thumb Code   390  mem.o(i.mem_malloc)
    mem_trim                                 0x08008c1d   Thumb Code   338  mem.o(i.mem_trim)
    memp_free                                0x08008e15   Thumb Code    76  memp.o(i.memp_free)
    memp_init                                0x08008ee1   Thumb Code    82  memp.o(i.memp_init)
    memp_malloc                              0x08008f45   Thumb Code   104  memp.o(i.memp_malloc)
    netbuf_delete                            0x08009073   Thumb Code    32  netbuf.o(i.netbuf_delete)
    netbuf_free                              0x08009095   Thumb Code    50  netbuf.o(i.netbuf_free)
    netbuf_ref                               0x08009145   Thumb Code    92  netbuf.o(i.netbuf_ref)
    netconn_accept                           0x08009219   Thumb Code   242  api_lib.o(i.netconn_accept)
    netconn_alloc                            0x080093d1   Thumb Code   116  api_msg.o(i.netconn_alloc)
    netconn_bind                             0x08009445   Thumb Code    98  api_lib.o(i.netconn_bind)
    netconn_delete                           0x08009529   Thumb Code    36  api_lib.o(i.netconn_delete)
    netconn_free                             0x080096a9   Thumb Code   126  api_msg.o(i.netconn_free)
    netconn_getaddr                          0x08009831   Thumb Code   162  api_lib.o(i.netconn_getaddr)
    netconn_listen_with_backlog              0x08009999   Thumb Code    86  api_lib.o(i.netconn_listen_with_backlog)
    netconn_new_with_proto_and_callback      0x08009a75   Thumb Code   198  api_lib.o(i.netconn_new_with_proto_and_callback)
    netconn_recv                             0x08009c1d   Thumb Code   254  api_lib.o(i.netconn_recv)
    netconn_recv_tcp_pbuf                    0x0800a021   Thumb Code    52  api_lib.o(i.netconn_recv_tcp_pbuf)
    netconn_recved                           0x0800a0d1   Thumb Code    46  api_lib.o(i.netconn_recved)
    netconn_send                             0x0800a105   Thumb Code    94  api_lib.o(i.netconn_send)
    netconn_write_partly                     0x0800a1e5   Thumb Code   204  api_lib.o(i.netconn_write_partly)
    netif_add                                0x0800a355   Thumb Code   150  netif.o(i.netif_add)
    netif_init                               0x0800a46d   Thumb Code     2  netif.o(i.netif_init)
    netif_set_addr                           0x0800a46f   Thumb Code    40  netif.o(i.netif_set_addr)
    netif_set_default                        0x0800a499   Thumb Code    10  netif.o(i.netif_set_default)
    netif_set_down                           0x0800a4a9   Thumb Code    42  netif.o(i.netif_set_down)
    netif_set_gw                             0x0800a4d3   Thumb Code    16  netif.o(i.netif_set_gw)
    netif_set_ipaddr                         0x0800a4e5   Thumb Code   124  netif.o(i.netif_set_ipaddr)
    netif_set_netmask                        0x0800a569   Thumb Code    16  netif.o(i.netif_set_netmask)
    netif_set_up                             0x0800a579   Thumb Code    54  netif.o(i.netif_set_up)
    ntp_client_init                          0x0800a5b1   Thumb Code    30  ntp_client.o(i.ntp_client_init)
    nvic_irq_enable                          0x0800a929   Thumb Code   156  gd32f30x_misc.o(i.nvic_irq_enable)
    nvic_priority_group_set                  0x0800a9cd   Thumb Code    10  gd32f30x_misc.o(i.nvic_priority_group_set)
    nvic_vector_table_set                    0x0800a9e1   Thumb Code    12  gd32f30x_misc.o(i.nvic_vector_table_set)
    pbuf_alloc                               0x0800a9f5   Thumb Code   652  pbuf.o(i.pbuf_alloc)
    pbuf_cat                                 0x0800ae1d   Thumb Code   126  pbuf.o(i.pbuf_cat)
    pbuf_chain                               0x0800af71   Thumb Code    26  pbuf.o(i.pbuf_chain)
    pbuf_clen                                0x0800af8b   Thumb Code    18  pbuf.o(i.pbuf_clen)
    pbuf_copy                                0x0800af9d   Thumb Code   328  pbuf.o(i.pbuf_copy)
    pbuf_copy_partial                        0x0800b1e1   Thumb Code   182  pbuf.o(i.pbuf_copy_partial)
    pbuf_free                                0x0800b339   Thumb Code   226  pbuf.o(i.pbuf_free)
    pbuf_header                              0x0800b4b5   Thumb Code   200  pbuf.o(i.pbuf_header)
    pbuf_realloc                             0x0800b615   Thumb Code   252  pbuf.o(i.pbuf_realloc)
    pbuf_ref                                 0x0800b7e9   Thumb Code    26  pbuf.o(i.pbuf_ref)
    pmu_backup_write_enable                  0x0800bafd   Thumb Code    14  gd32f30x_pmu.o(i.pmu_backup_write_enable)
    pvPortMalloc                             0x0800c345   Thumb Code   166  heap_2.o(i.pvPortMalloc)
    pvTaskIncrementMutexHeldCount            0x0800c3fd   Thumb Code    26  tasks.o(i.pvTaskIncrementMutexHeldCount)
    pxPortInitialiseStack                    0x0800c41d   Thumb Code    26  port.o(i.pxPortInitialiseStack)
    raw_bind                                 0x0800c43d   Thumb Code    16  raw.o(i.raw_bind)
    raw_input                                0x0800c44d   Thumb Code   102  raw.o(i.raw_input)
    raw_new                                  0x0800c4c1   Thumb Code    46  raw.o(i.raw_new)
    raw_recv                                 0x0800c4f5   Thumb Code     6  raw.o(i.raw_recv)
    raw_remove                               0x0800c4fd   Thumb Code    60  raw.o(i.raw_remove)
    raw_send                                 0x0800c53d   Thumb Code    18  raw.o(i.raw_send)
    raw_sendto                               0x0800c551   Thumb Code   190  raw.o(i.raw_sendto)
    rcu_all_reset_flag_clear                 0x0800c695   Thumb Code    14  gd32f30x_rcu.o(i.rcu_all_reset_flag_clear)
    rcu_bkp_reset_disable                    0x0800c6a9   Thumb Code    14  gd32f30x_rcu.o(i.rcu_bkp_reset_disable)
    rcu_bkp_reset_enable                     0x0800c6bd   Thumb Code    14  gd32f30x_rcu.o(i.rcu_bkp_reset_enable)
    rcu_ckout0_config                        0x0800c6d1   Thumb Code    18  gd32f30x_rcu.o(i.rcu_ckout0_config)
    rcu_clock_freq_get                       0x0800c6e9   Thumb Code   378  gd32f30x_rcu.o(i.rcu_clock_freq_get)
    rcu_flag_get                             0x0800c889   Thumb Code    30  gd32f30x_rcu.o(i.rcu_flag_get)
    rcu_osci_on                              0x0800c8ad   Thumb Code    28  gd32f30x_rcu.o(i.rcu_osci_on)
    rcu_osci_stab_wait                       0x0800c8cd   Thumb Code   340  gd32f30x_rcu.o(i.rcu_osci_stab_wait)
    rcu_periph_clock_enable                  0x0800ca25   Thumb Code    28  gd32f30x_rcu.o(i.rcu_periph_clock_enable)
    rcu_periph_reset_disable                 0x0800ca45   Thumb Code    28  gd32f30x_rcu.o(i.rcu_periph_reset_disable)
    rcu_periph_reset_enable                  0x0800ca65   Thumb Code    28  gd32f30x_rcu.o(i.rcu_periph_reset_enable)
    rcu_rtc_clock_config                     0x0800ca85   Thumb Code    18  gd32f30x_rcu.o(i.rcu_rtc_clock_config)
    rtc_configuration                        0x0800ce59   Thumb Code    84  clock_application.o(i.rtc_configuration)
    rtc_configuration_mode_enter             0x0800cead   Thumb Code    14  gd32f30x_rtc.o(i.rtc_configuration_mode_enter)
    rtc_configuration_mode_exit              0x0800cec1   Thumb Code    14  gd32f30x_rtc.o(i.rtc_configuration_mode_exit)
    rtc_counter_get                          0x0800ced5   Thumb Code    16  gd32f30x_rtc.o(i.rtc_counter_get)
    rtc_counter_set                          0x0800cee9   Thumb Code    26  gd32f30x_rtc.o(i.rtc_counter_set)
    rtc_flag_clear                           0x0800cf09   Thumb Code    12  gd32f30x_rtc.o(i.rtc_flag_clear)
    rtc_flag_get                             0x0800cf19   Thumb Code    18  gd32f30x_rtc.o(i.rtc_flag_get)
    rtc_lwoff_wait                           0x0800cf31   Thumb Code    16  gd32f30x_rtc.o(i.rtc_lwoff_wait)
    rtc_prescaler_set                        0x0800cf45   Thumb Code    28  gd32f30x_rtc.o(i.rtc_prescaler_set)
    rtc_register_sync_wait                   0x0800cf65   Thumb Code    28  gd32f30x_rtc.o(i.rtc_register_sync_wait)
    second_time_to_utc_time                  0x0800cf85   Thumb Code   390  clock_application.o(i.second_time_to_utc_time)
    sys_arch_mbox_fetch                      0x0800d241   Thumb Code    98  sys_arch.o(i.sys_arch_mbox_fetch)
    sys_arch_mbox_tryfetch                   0x0800d2a3   Thumb Code    36  sys_arch.o(i.sys_arch_mbox_tryfetch)
    sys_arch_protect                         0x0800d2c7   Thumb Code    10  sys_arch.o(i.sys_arch_protect)
    sys_arch_sem_wait                        0x0800d2d1   Thumb Code    86  sys_arch.o(i.sys_arch_sem_wait)
    sys_arch_unprotect                       0x0800d327   Thumb Code    10  sys_arch.o(i.sys_arch_unprotect)
    sys_init                                 0x0800d331   Thumb Code     8  sys_arch.o(i.sys_init)
    sys_mbox_free                            0x0800d33d   Thumb Code    18  sys_arch.o(i.sys_mbox_free)
    sys_mbox_new                             0x0800d34f   Thumb Code    32  sys_arch.o(i.sys_mbox_new)
    sys_mbox_post                            0x0800d36f   Thumb Code    24  sys_arch.o(i.sys_mbox_post)
    sys_mbox_set_invalid                     0x0800d387   Thumb Code     6  sys_arch.o(i.sys_mbox_set_invalid)
    sys_mbox_trypost                         0x0800d38d   Thumb Code    32  sys_arch.o(i.sys_mbox_trypost)
    sys_mbox_valid                           0x0800d3ad   Thumb Code    14  sys_arch.o(i.sys_mbox_valid)
    sys_sem_free                             0x0800d3bb   Thumb Code    12  sys_arch.o(i.sys_sem_free)
    sys_sem_new                              0x0800d3c7   Thumb Code    62  sys_arch.o(i.sys_sem_new)
    sys_sem_set_invalid                      0x0800d405   Thumb Code     6  sys_arch.o(i.sys_sem_set_invalid)
    sys_sem_signal                           0x0800d40b   Thumb Code    18  sys_arch.o(i.sys_sem_signal)
    sys_sem_valid                            0x0800d41d   Thumb Code    14  sys_arch.o(i.sys_sem_valid)
    sys_thread_new                           0x0800d42d   Thumb Code    76  sys_arch.o(i.sys_thread_new)
    sys_timeout                              0x0800d47d   Thumb Code   174  lwip_timers.o(i.sys_timeout)
    sys_timeouts_init                        0x0800d5d5   Thumb Code    40  lwip_timers.o(i.sys_timeouts_init)
    sys_timeouts_mbox_fetch                  0x0800d609   Thumb Code   132  lwip_timers.o(i.sys_timeouts_mbox_fetch)
    sys_untimeout                            0x0800d691   Thumb Code    90  lwip_timers.o(i.sys_untimeout)
    tcp_abandon                              0x0800d831   Thumb Code   164  tcp.o(i.tcp_abandon)
    tcp_abort                                0x0800d971   Thumb Code    14  tcp.o(i.tcp_abort)
    tcp_accept                               0x0800d97f   Thumb Code     4  tcp.o(i.tcp_accept)
    tcp_alloc                                0x0800d98d   Thumb Code   180  tcp.o(i.tcp_alloc)
    tcp_arg                                  0x0800da51   Thumb Code     4  tcp.o(i.tcp_arg)
    tcp_bind                                 0x0800da55   Thumb Code   166  tcp.o(i.tcp_bind)
    tcp_client_init                          0x0800db89   Thumb Code    46  tcp_client.o(i.tcp_client_init)
    tcp_close                                0x0800df7d   Thumb Code    28  tcp.o(i.tcp_close)
    tcp_eff_send_mss                         0x0800e2a9   Thumb Code    46  tcp.o(i.tcp_eff_send_mss)
    tcp_enqueue_flags                        0x0800e2d9   Thumb Code   418  tcp_out.o(i.tcp_enqueue_flags)
    tcp_err                                  0x0800e589   Thumb Code    40  tcp.o(i.tcp_err)
    tcp_fasttmr                              0x0800e635   Thumb Code   114  tcp.o(i.tcp_fasttmr)
    tcp_init                                 0x0800e6b5   Thumb Code     2  tcp.o(i.tcp_init)
    tcp_input                                0x0800e6b9   Thumb Code  1694  tcp_in.o(i.tcp_input)
    tcp_keepalive                            0x0800ed81   Thumb Code    78  tcp_out.o(i.tcp_keepalive)
    tcp_listen_with_backlog                  0x0800efa5   Thumb Code   218  tcp.o(i.tcp_listen_with_backlog)
    tcp_new                                  0x0800f111   Thumb Code    10  tcp.o(i.tcp_new)
    tcp_next_iss                             0x0800f185   Thumb Code    20  tcp.o(i.tcp_next_iss)
    tcp_output                               0x0800f1a1   Thumb Code   492  tcp_out.o(i.tcp_output)
    tcp_pcb_purge                            0x0800f801   Thumb Code    88  tcp.o(i.tcp_pcb_purge)
    tcp_pcb_remove                           0x0800f859   Thumb Code   184  tcp.o(i.tcp_pcb_remove)
    tcp_poll                                 0x0800f9a5   Thumb Code    46  tcp.o(i.tcp_poll)
    tcp_process_refused_data                 0x080100f1   Thumb Code   148  tcp.o(i.tcp_process_refused_data)
    tcp_recv                                 0x08010abd   Thumb Code    38  tcp.o(i.tcp_recv)
    tcp_recv_null                            0x08010b69   Thumb Code    46  tcp.o(i.tcp_recv_null)
    tcp_recved                               0x08010b99   Thumb Code   128  tcp.o(i.tcp_recved)
    tcp_rexmit                               0x08010cc1   Thumb Code    90  tcp_out.o(i.tcp_rexmit)
    tcp_rexmit_fast                          0x08010d1b   Thumb Code   120  tcp_out.o(i.tcp_rexmit_fast)
    tcp_rexmit_rto                           0x08010d93   Thumb Code    58  tcp_out.o(i.tcp_rexmit_rto)
    tcp_rst                                  0x08010dcd   Thumb Code   156  tcp_out.o(i.tcp_rst)
    tcp_seg_free                             0x08010ef9   Thumb Code    26  tcp.o(i.tcp_seg_free)
    tcp_segs_free                            0x08010f13   Thumb Code    24  tcp.o(i.tcp_segs_free)
    tcp_send_empty_ack                       0x08010f2b   Thumb Code    84  tcp_out.o(i.tcp_send_empty_ack)
    tcp_send_fin                             0x08010f7f   Thumb Code    74  tcp_out.o(i.tcp_send_fin)
    tcp_sent                                 0x08010fc9   Thumb Code    38  tcp.o(i.tcp_sent)
    tcp_shutdown                             0x08011075   Thumb Code    98  tcp.o(i.tcp_shutdown)
    tcp_slowtmr                              0x080110d9   Thumb Code  1400  tcp.o(i.tcp_slowtmr)
    tcp_timer_needed                         0x080116d9   Thumb Code    38  lwip_timers.o(i.tcp_timer_needed)
    tcp_tmr                                  0x080117bd   Thumb Code    30  tcp.o(i.tcp_tmr)
    tcp_update_rcv_ann_wnd                   0x080117e1   Thumb Code   102  tcp.o(i.tcp_update_rcv_ann_wnd)
    tcp_write                                0x080118c1   Thumb Code  1700  tcp_out.o(i.tcp_write)
    tcp_zero_window_probe                    0x08012179   Thumb Code   180  tcp_out.o(i.tcp_zero_window_probe)
    tcpip_apimsg                             0x0801222d   Thumb Code    60  tcpip.o(i.tcpip_apimsg)
    tcpip_callback_with_block                0x0801226d   Thumb Code    90  tcpip.o(i.tcpip_callback_with_block)
    tcpip_init                               0x080122cd   Thumb Code    72  tcpip.o(i.tcpip_init)
    tcpip_input                              0x080123ad   Thumb Code    72  tcpip.o(i.tcpip_input)
    udp_bind                                 0x080125a1   Thumb Code   170  udp.o(i.udp_bind)
    udp_connect                              0x080126b9   Thumb Code    98  udp.o(i.udp_connect)
    udp_echo_init                            0x08012721   Thumb Code    30  udp_echo.o(i.udp_echo_init)
    udp_init                                 0x08012749   Thumb Code     2  udp.o(i.udp_init)
    udp_input                                0x0801274d   Thumb Code   512  udp.o(i.udp_input)
    udp_new                                  0x080129dd   Thumb Code    28  udp.o(i.udp_new)
    udp_recv                                 0x08012a51   Thumb Code     6  udp.o(i.udp_recv)
    udp_remove                               0x08012a59   Thumb Code    60  udp.o(i.udp_remove)
    udp_send                                 0x08012a99   Thumb Code    20  udp.o(i.udp_send)
    udp_sendto                               0x08012aad   Thumb Code    54  udp.o(i.udp_sendto)
    udp_sendto_if                            0x08012ae5   Thumb Code   264  udp.o(i.udp_sendto_if)
    usart_baudrate_set                       0x08013859   Thumb Code   140  gd32f30x_usart.o(i.usart_baudrate_set)
    usart_data_receive                       0x080138ed   Thumb Code    10  gd32f30x_usart.o(i.usart_data_receive)
    usart_data_transmit                      0x080138f7   Thumb Code     8  gd32f30x_usart.o(i.usart_data_transmit)
    usart_deinit                             0x08013901   Thumb Code   136  gd32f30x_usart.o(i.usart_deinit)
    usart_enable                             0x08013991   Thumb Code    10  gd32f30x_usart.o(i.usart_enable)
    usart_flag_get                           0x0801399b   Thumb Code    30  gd32f30x_usart.o(i.usart_flag_get)
    usart_interrupt_enable                   0x080139b9   Thumb Code    26  gd32f30x_usart.o(i.usart_interrupt_enable)
    usart_interrupt_flag_clear               0x080139d3   Thumb Code    26  gd32f30x_usart.o(i.usart_interrupt_flag_clear)
    usart_interrupt_flag_get                 0x080139ed   Thumb Code    56  gd32f30x_usart.o(i.usart_interrupt_flag_get)
    usart_receive_config                     0x08013a25   Thumb Code    16  gd32f30x_usart.o(i.usart_receive_config)
    usart_receiver_timeout_enable            0x08013a35   Thumb Code    14  gd32f30x_usart.o(i.usart_receiver_timeout_enable)
    usart_receiver_timeout_threshold_config  0x08013a43   Thumb Code    20  gd32f30x_usart.o(i.usart_receiver_timeout_threshold_config)
    usart_transmit_config                    0x08013a57   Thumb Code    16  gd32f30x_usart.o(i.usart_transmit_config)
    utc_time_to_second_time                  0x08013a69   Thumb Code   232  clock_application.o(i.utc_time_to_second_time)
    uxListRemove                             0x08013b5d   Thumb Code    40  list.o(i.uxListRemove)
    uxQueueMessagesWaiting                   0x08013b85   Thumb Code    28  queue.o(i.uxQueueMessagesWaiting)
    vListInitialise                          0x08013ba1   Thumb Code    26  list.o(i.vListInitialise)
    vListInitialiseItem                      0x08013bbb   Thumb Code     6  list.o(i.vListInitialiseItem)
    vListInsert                              0x08013bc1   Thumb Code    52  list.o(i.vListInsert)
    vListInsertEnd                           0x08013bf5   Thumb Code    24  list.o(i.vListInsertEnd)
    vPortEnterCritical                       0x08013c0d   Thumb Code    58  port.o(i.vPortEnterCritical)
    vPortExitCritical                        0x08013c51   Thumb Code    40  port.o(i.vPortExitCritical)
    vPortFree                                0x08013c7d   Thumb Code    56  heap_2.o(i.vPortFree)
    vPortSetupTimerInterrupt                 0x08013cbd   Thumb Code    26  port.o(i.vPortSetupTimerInterrupt)
    vPortValidateInterruptPriority           0x08013cdd   Thumb Code    78  port.o(i.vPortValidateInterruptPriority)
    vPortYield                               0x08013d39   Thumb Code    18  port.o(i.vPortYield)
    vQueueAddToRegistry                      0x08013d51   Thumb Code    38  queue.o(i.vQueueAddToRegistry)
    vQueueDelete                             0x08013d7d   Thumb Code    30  queue.o(i.vQueueDelete)
    vQueueUnregisterQueue                    0x08013d9d   Thumb Code    38  queue.o(i.vQueueUnregisterQueue)
    vQueueWaitForMessageRestricted           0x08013dc9   Thumb Code    66  queue.o(i.vQueueWaitForMessageRestricted)
    vTaskDelay                               0x08013e0d   Thumb Code    94  tasks.o(i.vTaskDelay)
    vTaskDelete                              0x08013e7d   Thumb Code   160  tasks.o(i.vTaskDelete)
    vTaskMissedYield                         0x08013f3d   Thumb Code     8  tasks.o(i.vTaskMissedYield)
    vTaskPlaceOnEventList                    0x08013f49   Thumb Code    94  tasks.o(i.vTaskPlaceOnEventList)
    vTaskPlaceOnEventListRestricted          0x08013fb9   Thumb Code   100  tasks.o(i.vTaskPlaceOnEventListRestricted)
    vTaskPriorityInherit                     0x0801402d   Thumb Code   164  tasks.o(i.vTaskPriorityInherit)
    vTaskSetTimeOutState                     0x080140dd   Thumb Code    28  tasks.o(i.vTaskSetTimeOutState)
    vTaskStartScheduler                      0x08014101   Thumb Code    80  tasks.o(i.vTaskStartScheduler)
    vTaskSuspendAll                          0x08014169   Thumb Code    12  tasks.o(i.vTaskSuspendAll)
    vTaskSwitchContext                       0x08014179   Thumb Code   106  tasks.o(i.vTaskSwitchContext)
    xPortStartScheduler                      0x080141f9   Thumb Code   140  port.o(i.xPortStartScheduler)
    xQueueGenericCreate                      0x08014299   Thumb Code   106  queue.o(i.xQueueGenericCreate)
    xQueueGenericReceive                     0x08014303   Thumb Code   346  queue.o(i.xQueueGenericReceive)
    xQueueGenericReset                       0x0801445d   Thumb Code   120  queue.o(i.xQueueGenericReset)
    xQueueGenericSend                        0x080144d5   Thumb Code   322  queue.o(i.xQueueGenericSend)
    xQueueGenericSendFromISR                 0x08014617   Thumb Code   172  queue.o(i.xQueueGenericSendFromISR)
    xQueueGiveFromISR                        0x080146c3   Thumb Code   148  queue.o(i.xQueueGiveFromISR)
    xTaskCheckForTimeOut                     0x08014759   Thumb Code   108  tasks.o(i.xTaskCheckForTimeOut)
    xTaskGenericCreate                       0x080147cd   Thumb Code   288  tasks.o(i.xTaskGenericCreate)
    xTaskGetSchedulerState                   0x08014905   Thumb Code    24  tasks.o(i.xTaskGetSchedulerState)
    xTaskGetTickCount                        0x08014925   Thumb Code     6  tasks.o(i.xTaskGetTickCount)
    xTaskIncrementTick                       0x08014931   Thumb Code   272  tasks.o(i.xTaskIncrementTick)
    xTaskPriorityDisinherit                  0x08014a6d   Thumb Code   160  tasks.o(i.xTaskPriorityDisinherit)
    xTaskRemoveFromEventList                 0x08014b19   Thumb Code   114  tasks.o(i.xTaskRemoveFromEventList)
    xTaskResumeAll                           0x08014ba5   Thumb Code   200  tasks.o(i.xTaskResumeAll)
    xTimerCreate                             0x08014c8d   Thumb Code    80  timers.o(i.xTimerCreate)
    xTimerCreateTimerTask                    0x08014cdd   Thumb Code    58  timers.o(i.xTimerCreateTimerTask)
    xTimerGenericCommand                     0x08014d29   Thumb Code   112  timers.o(i.xTimerGenericCommand)
    DPtable                                  0x08014d9c   Data          12  display_dp.o(.constdata)
    tcp_state_str                            0x08014dd8   Data          44  tcp.o(.constdata)
    tcp_backoff                              0x08014e04   Data          13  tcp.o(.constdata)
    tcp_persist_backoff                      0x08014e11   Data           7  tcp.o(.constdata)
    tcp_pcb_lists                            0x08014e18   Data          16  tcp.o(.constdata)
    ip_addr_any                              0x08014e28   Data           4  ip_addr.o(.constdata)
    ip_addr_broadcast                        0x08014e2c   Data           4  ip_addr.o(.constdata)
    ethbroadcast                             0x08014e70   Data           6  etharp.o(.constdata)
    ethzero                                  0x08014e76   Data           6  etharp.o(.constdata)
    Region$$Table$$Base                      0x08015150   Number         0  anon$$obj.o(Region$$Table)
    Region$$Table$$Limit                     0x08015170   Number         0  anon$$obj.o(Region$$Table)
    hMainTaskQueueHandle                     0x20000000   Data           4  main.o(.data)
    LocalLinkStatus                          0x20000005   Data           1  main.o(.data)
    dhcp_state                               0x20000006   Data           1  netconf.o(.data)
    hTCPClientTaskHandle                     0x20000008   Data           4  tcp_client.o(.data)
    ClockLoginFlag                           0x2000000c   Data           1  udp_echo.o(.data)
    FactoryTestLEDFlasg                      0x2000000d   Data           1  udp_echo.o(.data)
    PushInfoTimer                            0x20000010   Data           4  udp_echo.o(.data)
    clock_server_udp_sockfd                  0x20000014   Data           4  udp_echo.o(.data)
    hNTPQueueHandle                          0x20000020   Data           4  ntp_client.o(.data)
    localNTPSeverRequestSuccess              0x20000024   Data           1  ntp_client.o(.data)
    SystemSecoundTime                        0x20000028   Data           4  clock_application.o(.data)
    SystemUTCTime                            0x2000002c   Data           8  clock_application.o(.data)
    SecondTimer                              0x20000034   Data           4  clock_application.o(.data)
    DisPlayTimer                             0x20000038   Data           4  display_dp.o(.data)
    DisplayBuffer                            0x2000003c   Data           6  display_dp.o(.data)
    SecondShowFlag                           0x20000042   Data           1  display_dp.o(.data)
    SystemCoreClock                          0x20000048   Data           4  system_gd32f30x.o(.data)
    dma_current_txdesc                       0x2000004c   Data           4  gd32f30x_enet.o(.data)
    dma_current_rxdesc                       0x20000050   Data           4  gd32f30x_enet.o(.data)
    dma_current_ptp_txdesc                   0x20000054   Data           4  gd32f30x_enet.o(.data)
    dma_current_ptp_rxdesc                   0x20000058   Data           4  gd32f30x_enet.o(.data)
    netif_list                               0x2000009c   Data           4  netif.o(.data)
    netif_default                            0x200000a0   Data           4  netif.o(.data)
    tcp_ticks                                0x200000b0   Data           4  tcp.o(.data)
    tcp_bound_pcbs                           0x200000b4   Data           4  tcp.o(.data)
    tcp_listen_pcbs                          0x200000b8   Data           4  tcp.o(.data)
    tcp_active_pcbs                          0x200000bc   Data           4  tcp.o(.data)
    tcp_tw_pcbs                              0x200000c0   Data           4  tcp.o(.data)
    tcp_tmp_pcb                              0x200000c4   Data           4  tcp.o(.data)
    tcp_active_pcbs_changed                  0x200000c8   Data           1  tcp.o(.data)
    tcp_input_pcb                            0x200000ec   Data           4  tcp_in.o(.data)
    udp_pcbs                                 0x200000f4   Data           4  udp.o(.data)
    current_netif                            0x200000f8   Data           4  ip.o(.data)
    current_header                           0x200000fc   Data           4  ip.o(.data)
    current_iphdr_src                        0x20000100   Data           4  ip.o(.data)
    current_iphdr_dest                       0x20000104   Data           4  ip.o(.data)
    g_rx_semaphore                           0x20000128   Data           4  ethernetif.o(.data)
    pxCurrentTCB                             0x20000134   Data           4  tasks.o(.data)
    __stdout                                 0x200001a0   Data           4  stdout.o(.data)
    console_rx_buf                           0x200001a4   Data         100  main.o(.bss)
    g_mynetif                                0x20000208   Data          52  netconf.o(.bss)
    clock_server_ip                          0x2000023c   Data          16  udp_echo.o(.bss)
    factory_test_ip                          0x2000024c   Data          16  udp_echo.o(.bss)
    clock_server_addr                        0x2000025c   Data          16  udp_echo.o(.bss)
    factory_test_addr                        0x2000026c   Data          16  udp_echo.o(.bss)
    rxdesc_tab                               0x2000027c   Data          80  gd32f30x_enet.o(.bss)
    txdesc_tab                               0x200002cc   Data          80  gd32f30x_enet.o(.bss)
    rx_buff                                  0x2000031c   Data        7620  gd32f30x_enet.o(.bss)
    tx_buff                                  0x200020e0   Data        7620  gd32f30x_enet.o(.bss)
    dhcp_rx_options_val                      0x20003ee0   Data          40  dhcp.o(.bss)
    dhcp_rx_options_given                    0x20003f08   Data          10  dhcp.o(.bss)
    ram_heap                                 0x20003f12   Data        5140  mem.o(.bss)
    xQueueRegistry                           0x20008f5c   Data          64  queue.o(.bss)
    __initial_sp                             0x20010cc8   Data           0  startup_gd32f30x_cl.o(STACK)



==============================================================================

Memory Map of the image

  Image Entry point : 0x08000151

  Load Region LR_IROM1 (Base: 0x08000000, Size: 0x00015314, Max: 0x00040000, ABSOLUTE, COMPRESSED[0x000151a4])

    Execution Region ER_IROM1 (Exec base: 0x08000000, Load base: 0x08000000, Size: 0x00015170, Max: 0x00040000, ABSOLUTE)

    Exec Addr    Load Addr    Size         Type   Attr      Idx    E Section Name        Object

    0x08000000   0x08000000   0x00000150   Data   RO         5595    RESET               startup_gd32f30x_cl.o
    0x08000150   0x08000150   0x00000000   Code   RO         8730  * .ARM.Collect$$$$00000000  mc_w.l(entry.o)
    0x08000150   0x08000150   0x00000004   Code   RO         9008    .ARM.Collect$$$$00000001  mc_w.l(entry2.o)
    0x08000154   0x08000154   0x00000004   Code   RO         9011    .ARM.Collect$$$$00000004  mc_w.l(entry5.o)
    0x08000158   0x08000158   0x00000000   Code   RO         9013    .ARM.Collect$$$$00000008  mc_w.l(entry7b.o)
    0x08000158   0x08000158   0x00000000   Code   RO         9015    .ARM.Collect$$$$0000000A  mc_w.l(entry8b.o)
    0x08000158   0x08000158   0x00000008   Code   RO         9016    .ARM.Collect$$$$0000000B  mc_w.l(entry9a.o)
    0x08000160   0x08000160   0x00000000   Code   RO         9018    .ARM.Collect$$$$0000000D  mc_w.l(entry10a.o)
    0x08000160   0x08000160   0x00000000   Code   RO         9020    .ARM.Collect$$$$0000000F  mc_w.l(entry11a.o)
    0x08000160   0x08000160   0x00000004   Code   RO         9009    .ARM.Collect$$$$00002712  mc_w.l(entry2.o)
    0x08000164   0x08000164   0x000000a2   Code   RO         8659    .emb_text           port.o
    0x08000206   0x08000206   0x00000002   PAD
    0x08000208   0x08000208   0x00000024   Code   RO         5596    .text               startup_gd32f30x_cl.o
    0x0800022c   0x0800022c   0x00000062   Code   RO         8733    .text               mc_w.l(uldiv.o)
    0x0800028e   0x0800028e   0x00000024   Code   RO         8735    .text               mc_w.l(memcpya.o)
    0x080002b2   0x080002b2   0x00000024   Code   RO         8737    .text               mc_w.l(memseta.o)
    0x080002d6   0x080002d6   0x00000024   Code   RO         8739    .text               mc_w.l(strstr.o)
    0x080002fa   0x080002fa   0x0000001a   Code   RO         8743    .text               mc_w.l(memcmp.o)
    0x08000314   0x08000314   0x0000001e   Code   RO         9025    .text               mc_w.l(llshl.o)
    0x08000332   0x08000332   0x00000020   Code   RO         9027    .text               mc_w.l(llushr.o)
    0x08000352   0x08000352   0x00000002   PAD
    0x08000354   0x08000354   0x00000024   Code   RO         9040    .text               mc_w.l(init.o)
    0x08000378   0x08000378   0x00000056   Code   RO         9054    .text               mc_w.l(__dczerorl2.o)
    0x080003ce   0x080003ce   0x00000008   Code   RO          561    i.BusFault_Handler  gd32f30x_it.o
    0x080003d6   0x080003d6   0x00000002   PAD
    0x080003d8   0x080003d8   0x00000014   Code   RO          776    i.DisPlayPowerOFF   display_dp.o
    0x080003ec   0x080003ec   0x00000018   Code   RO          777    i.DisPlayPowerON    display_dp.o
    0x08000404   0x08000404   0x00000018   Code   RO          778    i.DisPlaySpecialChar  display_dp.o
    0x0800041c   0x0800041c   0x0000000a   Code   RO          779    i.DisPlayTimerCallback  display_dp.o
    0x08000426   0x08000426   0x00000002   PAD
    0x08000428   0x08000428   0x00000054   Code   RO          780    i.DisPlayWriteByte  display_dp.o
    0x0800047c   0x0800047c   0x00000044   Code   RO          781    i.DisplayChar       display_dp.o
    0x080004c0   0x080004c0   0x00000070   Code   RO          782    i.DisplayDeviceInit  display_dp.o
    0x08000530   0x08000530   0x0000008c   Code   RO          783    i.DisplayDriverInit  display_dp.o
    0x080005bc   0x080005bc   0x0000006c   Code   RO          784    i.DisplayUpdataFramerBuf  display_dp.o
    0x08000628   0x08000628   0x00000048   Code   RO          562    i.ENET_IRQHandler   gd32f30x_it.o
    0x08000670   0x08000670   0x00000008   Code   RO          563    i.HardFault_Handler  gd32f30x_it.o
    0x08000678   0x08000678   0x00000012   Code   RO          785    i.LED_DELAY_US      display_dp.o
    0x0800068a   0x0800068a   0x00000008   Code   RO          564    i.MemManage_Handler  gd32f30x_it.o
    0x08000692   0x08000692   0x00000002   Code   RO          565    i.NMI_Handler       gd32f30x_it.o
    0x08000694   0x08000694   0x00000024   Code   RO          470    i.PushInfoTimerCallback  udp_echo.o
    0x080006b8   0x080006b8   0x00000058   Code   RO          677    i.RTC_IRQHandler    clock_application.o
    0x08000710   0x08000710   0x00000080   Code   RO          679    i.RTC_SET_TIME      clock_application.o
    0x08000790   0x08000790   0x00000024   Code   RO          680    i.SecondTimerCallback  clock_application.o
    0x080007b4   0x080007b4   0x00000020   Code   RO         8660    i.SysTick_Handler   port.o
    0x080007d4   0x080007d4   0x00000154   Code   RO          786    i.SystemClockDisplay  display_dp.o
    0x08000928   0x08000928   0x00000040   Code   RO         1026    i.SystemInit        system_gd32f30x.o
    0x08000968   0x08000968   0x000000c0   Code   RO          566    i.USART0_IRQHandler  gd32f30x_it.o
    0x08000a28   0x08000a28   0x00000008   Code   RO          567    i.UsageFault_Handler  gd32f30x_it.o
    0x08000a30   0x08000a30   0x00000020   Code   RO         8880    i.__0printf$5       mc_w.l(printf5.o)
    0x08000a50   0x08000a50   0x00000040   Code   RO          568    i.__NVIC_SystemReset  gd32f30x_it.o
    0x08000a90   0x08000a90   0x0000000e   Code   RO         9048    i.__scatterload_copy  mc_w.l(handlers.o)
    0x08000a9e   0x08000a9e   0x00000002   Code   RO         9049    i.__scatterload_null  mc_w.l(handlers.o)
    0x08000aa0   0x08000aa0   0x0000000e   Code   RO         9050    i.__scatterload_zeroinit  mc_w.l(handlers.o)
    0x08000aae   0x08000aae   0x00000002   PAD
    0x08000ab0   0x08000ab0   0x000002c0   Code   RO         8887    i._printf_core      mc_w.l(printf5.o)
    0x08000d70   0x08000d70   0x000000b0   Code   RO         7112    i.accept_function   api_msg.o
    0x08000e20   0x08000e20   0x000000ac   Code   RO         7357    i.alloc_socket      sockets.o
    0x08000ecc   0x08000ecc   0x00000020   Code   RO         5878    i.arp_timer         lwip_timers.o
    0x08000eec   0x08000eec   0x0000000c   Code   RO         1302    i.bkp_deinit        gd32f30x_bkp.o
    0x08000ef8   0x08000ef8   0x00000038   Code   RO         1307    i.bkp_read_data     gd32f30x_bkp.o
    0x08000f30   0x08000f30   0x00000034   Code   RO         1321    i.bkp_write_data    gd32f30x_bkp.o
    0x08000f64   0x08000f64   0x000000bc   Code   RO         5630    i.dhcp_arp_reply    dhcp.o
    0x08001020   0x08001020   0x000001bc   Code   RO         5631    i.dhcp_bind         dhcp.o
    0x080011dc   0x080011dc   0x00000046   Code   RO         5632    i.dhcp_check        dhcp.o
    0x08001222   0x08001222   0x00000002   PAD
    0x08001224   0x08001224   0x00000050   Code   RO         5634    i.dhcp_coarse_tmr   dhcp.o
    0x08001274   0x08001274   0x000002ec   Code   RO         5635    i.dhcp_create_msg   dhcp.o
    0x08001560   0x08001560   0x00000094   Code   RO         5636    i.dhcp_decline      dhcp.o
    0x080015f4   0x080015f4   0x00000138   Code   RO         5637    i.dhcp_delete_msg   dhcp.o
    0x0800172c   0x0800172c   0x000000e4   Code   RO         5638    i.dhcp_discover     dhcp.o
    0x08001810   0x08001810   0x00000048   Code   RO         5639    i.dhcp_fine_tmr     dhcp.o
    0x08001858   0x08001858   0x00000078   Code   RO         5640    i.dhcp_handle_ack   dhcp.o
    0x080018d0   0x080018d0   0x0000003c   Code   RO         5641    i.dhcp_handle_nak   dhcp.o
    0x0800190c   0x0800190c   0x00000040   Code   RO         5642    i.dhcp_handle_offer  dhcp.o
    0x0800194c   0x0800194c   0x000000a4   Code   RO         5645    i.dhcp_option       dhcp.o
    0x080019f0   0x080019f0   0x000000c8   Code   RO         5646    i.dhcp_option_byte  dhcp.o
    0x08001ab8   0x08001ab8   0x000000fc   Code   RO         5647    i.dhcp_option_long  dhcp.o
    0x08001bb4   0x08001bb4   0x000000a0   Code   RO         5648    i.dhcp_option_short  dhcp.o
    0x08001c54   0x08001c54   0x0000017c   Code   RO         5649    i.dhcp_option_trailer  dhcp.o
    0x08001dd0   0x08001dd0   0x00000522   Code   RO         5650    i.dhcp_parse_reply  dhcp.o
    0x080022f2   0x080022f2   0x00000002   PAD
    0x080022f4   0x080022f4   0x00000098   Code   RO         5651    i.dhcp_rebind       dhcp.o
    0x0800238c   0x0800238c   0x000000b8   Code   RO         5652    i.dhcp_reboot       dhcp.o
    0x08002444   0x08002444   0x000001bc   Code   RO         5653    i.dhcp_recv         dhcp.o
    0x08002600   0x08002600   0x000000b8   Code   RO         5654    i.dhcp_release      dhcp.o
    0x080026b8   0x080026b8   0x00000096   Code   RO         5655    i.dhcp_renew        dhcp.o
    0x0800274e   0x0800274e   0x00000002   PAD
    0x08002750   0x08002750   0x00000104   Code   RO         5656    i.dhcp_select       dhcp.o
    0x08002854   0x08002854   0x00000010   Code   RO         5657    i.dhcp_set_state    dhcp.o
    0x08002864   0x08002864   0x000001d0   Code   RO         5659    i.dhcp_start        dhcp.o
    0x08002a34   0x08002a34   0x000000f8   Code   RO         5660    i.dhcp_stop         dhcp.o
    0x08002b2c   0x08002b2c   0x00000028   Code   RO         5661    i.dhcp_t1_timeout   dhcp.o
    0x08002b54   0x08002b54   0x00000028   Code   RO         5662    i.dhcp_t2_timeout   dhcp.o
    0x08002b7c   0x08002b7c   0x000000d8   Code   RO          319    i.dhcp_task         netconf.o
    0x08002c54   0x08002c54   0x000000c4   Code   RO         5663    i.dhcp_timeout      dhcp.o
    0x08002d18   0x08002d18   0x00000020   Code   RO         5879    i.dhcp_timer_coarse  lwip_timers.o
    0x08002d38   0x08002d38   0x00000020   Code   RO         5880    i.dhcp_timer_fine   lwip_timers.o
    0x08002d58   0x08002d58   0x00000074   Code   RO         7113    i.do_bind           api_msg.o
    0x08002dcc   0x08002dcc   0x000002c0   Code   RO         7115    i.do_close_internal  api_msg.o
    0x0800308c   0x0800308c   0x000001e4   Code   RO         7118    i.do_delconn        api_msg.o
    0x08003270   0x08003270   0x0000013c   Code   RO         7120    i.do_getaddr        api_msg.o
    0x080033ac   0x080033ac   0x000000cc   Code   RO         7121    i.do_listen         api_msg.o
    0x08003478   0x08003478   0x00000020   Code   RO         7122    i.do_newconn        api_msg.o
    0x08003498   0x08003498   0x00000048   Code   RO         7123    i.do_recv           api_msg.o
    0x080034e0   0x080034e0   0x000000a6   Code   RO         7124    i.do_send           api_msg.o
    0x08003586   0x08003586   0x00000002   PAD
    0x08003588   0x08003588   0x00000134   Code   RO         7125    i.do_write          api_msg.o
    0x080036bc   0x080036bc   0x000002f4   Code   RO         7126    i.do_writemore      api_msg.o
    0x080039b0   0x080039b0   0x00000078   Code   RO         2230    i.enet_default_init  gd32f30x_enet.o
    0x08003a28   0x08003a28   0x00000018   Code   RO         2231    i.enet_deinit       gd32f30x_enet.o
    0x08003a40   0x08003a40   0x0000000e   Code   RO         2232    i.enet_delay        gd32f30x_enet.o
    0x08003a4e   0x08003a4e   0x00000002   PAD
    0x08003a50   0x08003a50   0x0000005c   Code   RO         2236    i.enet_desc_information_get  gd32f30x_enet.o
    0x08003aac   0x08003aac   0x000000c8   Code   RO         2238    i.enet_descriptors_chain_init  gd32f30x_enet.o
    0x08003b74   0x08003b74   0x0000000c   Code   RO         2245    i.enet_enable       gd32f30x_enet.o
    0x08003b80   0x08003b80   0x000000f8   Code   RO         2255    i.enet_frame_receive  gd32f30x_enet.o
    0x08003c78   0x08003c78   0x000000cc   Code   RO         2256    i.enet_frame_transmit  gd32f30x_enet.o
    0x08003d44   0x08003d44   0x00000050   Code   RO          514    i.enet_get_phy_link_status  gd32f30x_enet_eval.o
    0x08003d94   0x08003d94   0x00000124   Code   RO          515    i.enet_gpio_config  gd32f30x_enet_eval.o
    0x08003eb8   0x08003eb8   0x00000378   Code   RO         2257    i.enet_init         gd32f30x_enet.o
    0x08004230   0x08004230   0x00000028   Code   RO         2259    i.enet_initpara_reset  gd32f30x_enet.o
    0x08004258   0x08004258   0x00000048   Code   RO         2261    i.enet_interrupt_enable  gd32f30x_enet.o
    0x080042a0   0x080042a0   0x00000018   Code   RO         2262    i.enet_interrupt_flag_clear  gd32f30x_enet.o
    0x080042b8   0x080042b8   0x00000024   Code   RO         2263    i.enet_interrupt_flag_get  gd32f30x_enet.o
    0x080042dc   0x080042dc   0x00000030   Code   RO         2265    i.enet_mac_address_set  gd32f30x_enet.o
    0x0800430c   0x0800430c   0x00000034   Code   RO          516    i.enet_mac_dma_config  gd32f30x_enet_eval.o
    0x08004340   0x08004340   0x000000e4   Code   RO         2275    i.enet_phy_config   gd32f30x_enet.o
    0x08004424   0x08004424   0x0000009c   Code   RO         2276    i.enet_phy_write_read  gd32f30x_enet.o
    0x080044c0   0x080044c0   0x0000000a   Code   RO         2301    i.enet_rx_desc_immediate_receive_complete_interrupt  gd32f30x_enet.o
    0x080044ca   0x080044ca   0x00000002   PAD
    0x080044cc   0x080044cc   0x00000024   Code   RO         2303    i.enet_rx_enable    gd32f30x_enet.o
    0x080044f0   0x080044f0   0x0000003c   Code   RO         2307    i.enet_software_reset  gd32f30x_enet.o
    0x0800452c   0x0800452c   0x00000038   Code   RO          517    i.enet_system_setup  gd32f30x_enet_eval.o
    0x08004564   0x08004564   0x00000010   Code   RO         2308    i.enet_transmit_checksum_config  gd32f30x_enet.o
    0x08004574   0x08004574   0x00000028   Code   RO         2310    i.enet_tx_enable    gd32f30x_enet.o
    0x0800459c   0x0800459c   0x00000034   Code   RO         2311    i.enet_txfifo_flush  gd32f30x_enet.o
    0x080045d0   0x080045d0   0x000001a8   Code   RO         7127    i.err_tcp           api_msg.o
    0x08004778   0x08004778   0x000001d4   Code   RO         7631    i.etharp_arp_input  etharp.o
    0x0800494c   0x0800494c   0x00000038   Code   RO         7632    i.etharp_cleanup_netif  etharp.o
    0x08004984   0x08004984   0x000002fc   Code   RO         7634    i.etharp_find_entry  etharp.o
    0x08004c80   0x08004c80   0x00000078   Code   RO         7635    i.etharp_free_entry  etharp.o
    0x08004cf8   0x08004cf8   0x00000214   Code   RO         7636    i.etharp_output     etharp.o
    0x08004f0c   0x08004f0c   0x00000120   Code   RO         7637    i.etharp_output_to_arp_index  etharp.o
    0x0800502c   0x0800502c   0x00000284   Code   RO         7638    i.etharp_query      etharp.o
    0x080052b0   0x080052b0   0x000001ac   Code   RO         7639    i.etharp_raw        etharp.o
    0x0800545c   0x0800545c   0x00000030   Code   RO         7640    i.etharp_request    etharp.o
    0x0800548c   0x0800548c   0x000000bc   Code   RO         7641    i.etharp_send_ip    etharp.o
    0x08005548   0x08005548   0x00000094   Code   RO         7642    i.etharp_tmr        etharp.o
    0x080055dc   0x080055dc   0x00000164   Code   RO         7643    i.etharp_update_arp_entry  etharp.o
    0x08005740   0x08005740   0x00000154   Code   RO         7644    i.ethernet_input    etharp.o
    0x08005894   0x08005894   0x00000084   Code   RO         7726    i.ethernetif_init   ethernetif.o
    0x08005918   0x08005918   0x00000054   Code   RO         7727    i.ethernetif_input  ethernetif.o
    0x0800596c   0x0800596c   0x000001f0   Code   RO         7358    i.event_callback    sockets.o
    0x08005b5c   0x08005b5c   0x00000022   Code   RO         3046    i.fmc_bank0_ready_wait  gd32f30x_fmc.o
    0x08005b7e   0x08005b7e   0x00000002   PAD
    0x08005b80   0x08005b80   0x00000030   Code   RO         3047    i.fmc_bank0_state_get  gd32f30x_fmc.o
    0x08005bb0   0x08005bb0   0x00000022   Code   RO         3051    i.fmc_bank1_ready_wait  gd32f30x_fmc.o
    0x08005bd2   0x08005bd2   0x00000002   PAD
    0x08005bd4   0x08005bd4   0x00000030   Code   RO         3052    i.fmc_bank1_state_get  gd32f30x_fmc.o
    0x08005c04   0x08005c04   0x00000020   Code   RO         3054    i.fmc_flag_clear    gd32f30x_fmc.o
    0x08005c24   0x08005c24   0x0000002c   Code   RO         3061    i.fmc_lock          gd32f30x_fmc.o
    0x08005c50   0x08005c50   0x000000ec   Code   RO         3063    i.fmc_page_erase    gd32f30x_fmc.o
    0x08005d3c   0x08005d3c   0x00000044   Code   RO         3064    i.fmc_unlock        gd32f30x_fmc.o
    0x08005d80   0x08005d80   0x000000c0   Code   RO         3065    i.fmc_word_program  gd32f30x_fmc.o
    0x08005e40   0x08005e40   0x00000024   Code   RO            4    i.fputc             main.o
    0x08005e64   0x08005e64   0x00000038   Code   RO         7359    i.free_socket       sockets.o
    0x08005e9c   0x08005e9c   0x00000068   Code   RO         3266    i.fwdgt_config      gd32f30x_fwdgt.o
    0x08005f04   0x08005f04   0x00000010   Code   RO         3267    i.fwdgt_counter_reload  gd32f30x_fwdgt.o
    0x08005f14   0x08005f14   0x00000010   Code   RO         3268    i.fwdgt_enable      gd32f30x_fwdgt.o
    0x08005f24   0x08005f24   0x0000000c   Code   RO         3270    i.fwdgt_write_disable  gd32f30x_fwdgt.o
    0x08005f30   0x08005f30   0x000000c4   Code   RO         5570    i.gd_eval_com_init  gd32f307c_eval.o
    0x08005ff4   0x08005ff4   0x00000030   Code   RO         7360    i.get_socket        sockets.o
    0x08006024   0x08006024   0x0000000a   Code   RO         3317    i.gpio_bit_write    gd32f30x_gpio.o
    0x0800602e   0x0800602e   0x00000002   PAD
    0x08006030   0x08006030   0x0000001c   Code   RO         3321    i.gpio_ethernet_phy_select  gd32f30x_gpio.o
    0x0800604c   0x0800604c   0x000000a4   Code   RO         3326    i.gpio_init         gd32f30x_gpio.o
    0x080060f0   0x080060f0   0x00000050   Code   RO          681    i.iHomeClockRTC_Init  clock_application.o
    0x08006140   0x08006140   0x00000012   Code   RO         6812    i.icmp_dest_unreach  icmp.o
    0x08006152   0x08006152   0x00000002   PAD
    0x08006154   0x08006154   0x00000344   Code   RO         6813    i.icmp_input        icmp.o
    0x08006498   0x08006498   0x00000130   Code   RO         6814    i.icmp_send_response  icmp.o
    0x080065c8   0x080065c8   0x00000014   Code   RO         6851    i.inet_chksum       inet_chksum.o
    0x080065dc   0x080065dc   0x00000056   Code   RO         6852    i.inet_chksum_pbuf  inet_chksum.o
    0x08006632   0x08006632   0x00000002   PAD
    0x08006634   0x08006634   0x0000038c   Code   RO            5    i.init_task         main.o
    0x080069c0   0x080069c0   0x00000130   Code   RO          682    i.initernal_rtc_module_init  clock_application.o
    0x08006af0   0x08006af0   0x0000004e   Code   RO         6922    i.ip4_addr_isbroadcast  ip_addr.o
    0x08006b3e   0x08006b3e   0x00000002   PAD
    0x08006b40   0x08006b40   0x000001f4   Code   RO         6886    i.ip_input          ip.o
    0x08006d34   0x08006d34   0x000000c0   Code   RO         6887    i.ip_output         ip.o
    0x08006df4   0x08006df4   0x00000188   Code   RO         6888    i.ip_output_if      ip.o
    0x08006f7c   0x08006f7c   0x00000058   Code   RO         6889    i.ip_route          ip.o
    0x08006fd4   0x08006fd4   0x00000078   Code   RO            6    i.linkCheck_task    main.o
    0x0800704c   0x0800704c   0x0000017c   Code   RO         7728    i.low_level_init    ethernetif.o
    0x080071c8   0x080071c8   0x00000060   Code   RO         7729    i.low_level_input   ethernetif.o
    0x08007228   0x08007228   0x000000b8   Code   RO         7730    i.low_level_output  ethernetif.o
    0x080072e0   0x080072e0   0x000002c4   Code   RO         7361    i.lwip_accept       sockets.o
    0x080075a4   0x080075a4   0x00000138   Code   RO         7362    i.lwip_bind         sockets.o
    0x080076dc   0x080076dc   0x000000d4   Code   RO         7363    i.lwip_close        sockets.o
    0x080077b0   0x080077b0   0x0000001a   Code   RO         5600    i.lwip_htonl        def.o
    0x080077ca   0x080077ca   0x0000000c   Code   RO         5601    i.lwip_htons        def.o
    0x080077d6   0x080077d6   0x00000024   Code   RO         5841    i.lwip_init         init.o
    0x080077fa   0x080077fa   0x00000002   PAD
    0x080077fc   0x080077fc   0x0000008c   Code   RO         7372    i.lwip_listen       sockets.o
    0x08007888   0x08007888   0x0000000c   Code   RO         5602    i.lwip_ntohl        def.o
    0x08007894   0x08007894   0x0000000c   Code   RO         5603    i.lwip_ntohs        def.o
    0x080078a0   0x080078a0   0x00000022   Code   RO         7374    i.lwip_recv         sockets.o
    0x080078c2   0x080078c2   0x00000002   PAD
    0x080078c4   0x080078c4   0x00000320   Code   RO         7375    i.lwip_recvfrom     sockets.o
    0x08007be4   0x08007be4   0x000000a0   Code   RO         7378    i.lwip_send         sockets.o
    0x08007c84   0x08007c84   0x000001b8   Code   RO         7379    i.lwip_sendto       sockets.o
    0x08007e3c   0x08007e3c   0x00000144   Code   RO         7380    i.lwip_setsockopt   sockets.o
    0x08007f80   0x08007f80   0x00000234   Code   RO         7381    i.lwip_setsockopt_internal  sockets.o
    0x080081b4   0x080081b4   0x000000ac   Code   RO         7383    i.lwip_socket       sockets.o
    0x08008260   0x08008260   0x00000002   Code   RO         7384    i.lwip_socket_init  sockets.o
    0x08008262   0x08008262   0x00000002   PAD
    0x08008264   0x08008264   0x00000054   Code   RO          320    i.lwip_stack_init   netconf.o
    0x080082b8   0x080082b8   0x0000005e   Code   RO         6855    i.lwip_standard_chksum  inet_chksum.o
    0x08008316   0x08008316   0x00000002   PAD
    0x08008318   0x08008318   0x00000038   Code   RO            7    i.main              main.o
    0x08008350   0x08008350   0x000003c8   Code   RO            8    i.main_task         main.o
    0x08008718   0x08008718   0x00000174   Code   RO         5964    i.mem_free          mem.o
    0x0800888c   0x0800888c   0x000000fc   Code   RO         5965    i.mem_init          mem.o
    0x08008988   0x08008988   0x00000294   Code   RO         5966    i.mem_malloc        mem.o
    0x08008c1c   0x08008c1c   0x000001f8   Code   RO         5967    i.mem_trim          mem.o
    0x08008e14   0x08008e14   0x000000cc   Code   RO         6008    i.memp_free         memp.o
    0x08008ee0   0x08008ee0   0x00000064   Code   RO         6009    i.memp_init         memp.o
    0x08008f44   0x08008f44   0x0000010c   Code   RO         6010    i.memp_malloc       memp.o
    0x08009050   0x08009050   0x00000022   Code   RO          683    i.month_length_calc  clock_application.o
    0x08009072   0x08009072   0x00000020   Code   RO         7282    i.netbuf_delete     netbuf.o
    0x08009092   0x08009092   0x00000002   PAD
    0x08009094   0x08009094   0x000000b0   Code   RO         7284    i.netbuf_free       netbuf.o
    0x08009144   0x08009144   0x000000d4   Code   RO         7287    i.netbuf_ref        netbuf.o
    0x08009218   0x08009218   0x000001b8   Code   RO         6981    i.netconn_accept    api_lib.o
    0x080093d0   0x080093d0   0x00000074   Code   RO         7128    i.netconn_alloc     api_msg.o
    0x08009444   0x08009444   0x000000e4   Code   RO         6982    i.netconn_bind      api_lib.o
    0x08009528   0x08009528   0x00000028   Code   RO         6986    i.netconn_delete    api_lib.o
    0x08009550   0x08009550   0x00000158   Code   RO         7129    i.netconn_drain     api_msg.o
    0x080096a8   0x080096a8   0x00000188   Code   RO         7130    i.netconn_free      api_msg.o
    0x08009830   0x08009830   0x00000168   Code   RO         6988    i.netconn_getaddr   api_lib.o
    0x08009998   0x08009998   0x000000dc   Code   RO         6989    i.netconn_listen_with_backlog  api_lib.o
    0x08009a74   0x08009a74   0x000001a8   Code   RO         6990    i.netconn_new_with_proto_and_callback  api_lib.o
    0x08009c1c   0x08009c1c   0x000001cc   Code   RO         6991    i.netconn_recv      api_lib.o
    0x08009de8   0x08009de8   0x00000238   Code   RO         6992    i.netconn_recv_data  api_lib.o
    0x0800a020   0x0800a020   0x000000b0   Code   RO         6993    i.netconn_recv_tcp_pbuf  api_lib.o
    0x0800a0d0   0x0800a0d0   0x00000034   Code   RO         6994    i.netconn_recved    api_lib.o
    0x0800a104   0x0800a104   0x000000e0   Code   RO         6995    i.netconn_send      api_lib.o
    0x0800a1e4   0x0800a1e4   0x00000170   Code   RO         6998    i.netconn_write_partly  api_lib.o
    0x0800a354   0x0800a354   0x00000118   Code   RO         6052    i.netif_add         netif.o
    0x0800a46c   0x0800a46c   0x00000002   Code   RO         6054    i.netif_init        netif.o
    0x0800a46e   0x0800a46e   0x00000028   Code   RO         6056    i.netif_set_addr    netif.o
    0x0800a496   0x0800a496   0x00000002   PAD
    0x0800a498   0x0800a498   0x00000010   Code   RO         6057    i.netif_set_default  netif.o
    0x0800a4a8   0x0800a4a8   0x0000002a   Code   RO         6058    i.netif_set_down    netif.o
    0x0800a4d2   0x0800a4d2   0x00000010   Code   RO         6059    i.netif_set_gw      netif.o
    0x0800a4e2   0x0800a4e2   0x00000002   PAD
    0x0800a4e4   0x0800a4e4   0x00000084   Code   RO         6060    i.netif_set_ipaddr  netif.o
    0x0800a568   0x0800a568   0x00000010   Code   RO         6063    i.netif_set_netmask  netif.o
    0x0800a578   0x0800a578   0x00000036   Code   RO         6064    i.netif_set_up      netif.o
    0x0800a5ae   0x0800a5ae   0x00000002   PAD
    0x0800a5b0   0x0800a5b0   0x00000030   Code   RO          638    i.ntp_client_init   ntp_client.o
    0x0800a5e0   0x0800a5e0   0x00000330   Code   RO          639    i.ntp_task          ntp_client.o
    0x0800a910   0x0800a910   0x00000018   Code   RO          518    i.nvic_configuration  gd32f30x_enet_eval.o
    0x0800a928   0x0800a928   0x000000a4   Code   RO         3651    i.nvic_irq_enable   gd32f30x_misc.o
    0x0800a9cc   0x0800a9cc   0x00000014   Code   RO         3652    i.nvic_priority_group_set  gd32f30x_misc.o
    0x0800a9e0   0x0800a9e0   0x00000014   Code   RO         3653    i.nvic_vector_table_set  gd32f30x_misc.o
    0x0800a9f4   0x0800a9f4   0x00000428   Code   RO         6146    i.pbuf_alloc        pbuf.o
    0x0800ae1c   0x0800ae1c   0x00000154   Code   RO         6147    i.pbuf_cat          pbuf.o
    0x0800af70   0x0800af70   0x0000001a   Code   RO         6148    i.pbuf_chain        pbuf.o
    0x0800af8a   0x0800af8a   0x00000012   Code   RO         6149    i.pbuf_clen         pbuf.o
    0x0800af9c   0x0800af9c   0x00000244   Code   RO         6151    i.pbuf_copy         pbuf.o
    0x0800b1e0   0x0800b1e0   0x00000158   Code   RO         6152    i.pbuf_copy_partial  pbuf.o
    0x0800b338   0x0800b338   0x0000017c   Code   RO         6154    i.pbuf_free         pbuf.o
    0x0800b4b4   0x0800b4b4   0x00000160   Code   RO         6156    i.pbuf_header       pbuf.o
    0x0800b614   0x0800b614   0x000001d4   Code   RO         6159    i.pbuf_realloc      pbuf.o
    0x0800b7e8   0x0800b7e8   0x0000001a   Code   RO         6160    i.pbuf_ref          pbuf.o
    0x0800b802   0x0800b802   0x00000002   PAD
    0x0800b804   0x0800b804   0x00000138   Code   RO         7131    i.pcb_new           api_msg.o
    0x0800b93c   0x0800b93c   0x000001c0   Code   RO         5968    i.plug_holes        mem.o
    0x0800bafc   0x0800bafc   0x00000014   Code   RO         3711    i.pmu_backup_write_enable  gd32f30x_pmu.o
    0x0800bb10   0x0800bb10   0x000000f0   Code   RO         7132    i.poll_tcp          api_msg.o
    0x0800bc00   0x0800bc00   0x00000054   Code   RO         8205    i.prvAddCurrentTaskToDelayedList  tasks.o
    0x0800bc54   0x0800bc54   0x00000042   Code   RO         8206    i.prvAllocateTCBAndStack  tasks.o
    0x0800bc96   0x0800bc96   0x00000002   PAD
    0x0800bc98   0x0800bc98   0x00000074   Code   RO         8526    i.prvCheckForValidListAndQueue  timers.o
    0x0800bd0c   0x0800bd0c   0x00000064   Code   RO         8207    i.prvCheckTasksWaitingTermination  tasks.o
    0x0800bd70   0x0800bd70   0x0000002a   Code   RO         8027    i.prvCopyDataFromQueue  queue.o
    0x0800bd9a   0x0800bd9a   0x00000080   Code   RO         8028    i.prvCopyDataToQueue  queue.o
    0x0800be1a   0x0800be1a   0x00000012   Code   RO         8208    i.prvDeleteTCB      tasks.o
    0x0800be2c   0x0800be2c   0x00000028   Code   RO         8527    i.prvGetNextExpireTime  timers.o
    0x0800be54   0x0800be54   0x00000038   Code   RO         8621    i.prvHeapInit       heap_2.o
    0x0800be8c   0x0800be8c   0x00000018   Code   RO         8209    i.prvIdleTask       tasks.o
    0x0800bea4   0x0800bea4   0x00000062   Code   RO         8210    i.prvInitialiseTCBVariables  tasks.o
    0x0800bf06   0x0800bf06   0x00000002   PAD
    0x0800bf08   0x0800bf08   0x00000068   Code   RO         8211    i.prvInitialiseTaskLists  tasks.o
    0x0800bf70   0x0800bf70   0x00000058   Code   RO         8528    i.prvInsertTimerInActiveList  timers.o
    0x0800bfc8   0x0800bfc8   0x0000001a   Code   RO         8029    i.prvIsQueueEmpty   queue.o
    0x0800bfe2   0x0800bfe2   0x0000001e   Code   RO         8030    i.prvIsQueueFull    queue.o
    0x0800c000   0x0800c000   0x00000058   Code   RO         8529    i.prvProcessExpiredTimer  timers.o
    0x0800c058   0x0800c058   0x000000dc   Code   RO         8530    i.prvProcessReceivedCommands  timers.o
    0x0800c134   0x0800c134   0x00000064   Code   RO         8531    i.prvProcessTimerOrBlockTask  timers.o
    0x0800c198   0x0800c198   0x00000034   Code   RO         8213    i.prvResetNextTaskUnblockTime  tasks.o
    0x0800c1cc   0x0800c1cc   0x0000002c   Code   RO         8532    i.prvSampleTimeNow  timers.o
    0x0800c1f8   0x0800c1f8   0x00000090   Code   RO         8533    i.prvSwitchTimerLists  timers.o
    0x0800c288   0x0800c288   0x00000024   Code   RO         8661    i.prvTaskExitError  port.o
    0x0800c2ac   0x0800c2ac   0x0000001a   Code   RO         8534    i.prvTimerTask      timers.o
    0x0800c2c6   0x0800c2c6   0x0000007e   Code   RO         8031    i.prvUnlockQueue    queue.o
    0x0800c344   0x0800c344   0x000000b8   Code   RO         8622    i.pvPortMalloc      heap_2.o
    0x0800c3fc   0x0800c3fc   0x00000020   Code   RO         8216    i.pvTaskIncrementMutexHeldCount  tasks.o
    0x0800c41c   0x0800c41c   0x00000020   Code   RO         8662    i.pxPortInitialiseStack  port.o
    0x0800c43c   0x0800c43c   0x00000010   Code   RO         6257    i.raw_bind          raw.o
    0x0800c44c   0x0800c44c   0x00000074   Code   RO         6259    i.raw_input         raw.o
    0x0800c4c0   0x0800c4c0   0x00000034   Code   RO         6260    i.raw_new           raw.o
    0x0800c4f4   0x0800c4f4   0x00000006   Code   RO         6261    i.raw_recv          raw.o
    0x0800c4fa   0x0800c4fa   0x00000002   PAD
    0x0800c4fc   0x0800c4fc   0x00000040   Code   RO         6262    i.raw_remove        raw.o
    0x0800c53c   0x0800c53c   0x00000012   Code   RO         6263    i.raw_send          raw.o
    0x0800c54e   0x0800c54e   0x00000002   PAD
    0x0800c550   0x0800c550   0x00000144   Code   RO         6264    i.raw_sendto        raw.o
    0x0800c694   0x0800c694   0x00000014   Code   RO         3850    i.rcu_all_reset_flag_clear  gd32f30x_rcu.o
    0x0800c6a8   0x0800c6a8   0x00000014   Code   RO         3853    i.rcu_bkp_reset_disable  gd32f30x_rcu.o
    0x0800c6bc   0x0800c6bc   0x00000014   Code   RO         3854    i.rcu_bkp_reset_enable  gd32f30x_rcu.o
    0x0800c6d0   0x0800c6d0   0x00000018   Code   RO         3856    i.rcu_ckout0_config  gd32f30x_rcu.o
    0x0800c6e8   0x0800c6e8   0x000001a0   Code   RO         3857    i.rcu_clock_freq_get  gd32f30x_rcu.o
    0x0800c888   0x0800c888   0x00000024   Code   RO         3860    i.rcu_flag_get      gd32f30x_rcu.o
    0x0800c8ac   0x0800c8ac   0x00000020   Code   RO         3874    i.rcu_osci_on       gd32f30x_rcu.o
    0x0800c8cc   0x0800c8cc   0x00000158   Code   RO         3875    i.rcu_osci_stab_wait  gd32f30x_rcu.o
    0x0800ca24   0x0800ca24   0x00000020   Code   RO         3877    i.rcu_periph_clock_enable  gd32f30x_rcu.o
    0x0800ca44   0x0800ca44   0x00000020   Code   RO         3880    i.rcu_periph_reset_disable  gd32f30x_rcu.o
    0x0800ca64   0x0800ca64   0x00000020   Code   RO         3881    i.rcu_periph_reset_enable  gd32f30x_rcu.o
    0x0800ca84   0x0800ca84   0x00000018   Code   RO         3888    i.rcu_rtc_clock_config  gd32f30x_rcu.o
    0x0800ca9c   0x0800ca9c   0x0000009c   Code   RO         7133    i.recv_raw          api_msg.o
    0x0800cb38   0x0800cb38   0x00000194   Code   RO         7134    i.recv_tcp          api_msg.o
    0x0800cccc   0x0800cccc   0x0000018c   Code   RO         7135    i.recv_udp          api_msg.o
    0x0800ce58   0x0800ce58   0x00000054   Code   RO          684    i.rtc_configuration  clock_application.o
    0x0800ceac   0x0800ceac   0x00000014   Code   RO         4131    i.rtc_configuration_mode_enter  gd32f30x_rtc.o
    0x0800cec0   0x0800cec0   0x00000014   Code   RO         4132    i.rtc_configuration_mode_exit  gd32f30x_rtc.o
    0x0800ced4   0x0800ced4   0x00000014   Code   RO         4133    i.rtc_counter_get   gd32f30x_rtc.o
    0x0800cee8   0x0800cee8   0x00000020   Code   RO         4134    i.rtc_counter_set   gd32f30x_rtc.o
    0x0800cf08   0x0800cf08   0x00000010   Code   RO         4136    i.rtc_flag_clear    gd32f30x_rtc.o
    0x0800cf18   0x0800cf18   0x00000018   Code   RO         4137    i.rtc_flag_get      gd32f30x_rtc.o
    0x0800cf30   0x0800cf30   0x00000014   Code   RO         4140    i.rtc_lwoff_wait    gd32f30x_rtc.o
    0x0800cf44   0x0800cf44   0x00000020   Code   RO         4141    i.rtc_prescaler_set  gd32f30x_rtc.o
    0x0800cf64   0x0800cf64   0x00000020   Code   RO         4142    i.rtc_register_sync_wait  gd32f30x_rtc.o
    0x0800cf84   0x0800cf84   0x0000018c   Code   RO          685    i.second_time_to_utc_time  clock_application.o
    0x0800d110   0x0800d110   0x000000ec   Code   RO         7136    i.sent_tcp          api_msg.o
    0x0800d1fc   0x0800d1fc   0x00000044   Code   RO         7137    i.setup_tcp         api_msg.o
    0x0800d240   0x0800d240   0x00000062   Code   RO         7774    i.sys_arch_mbox_fetch  sys_arch.o
    0x0800d2a2   0x0800d2a2   0x00000024   Code   RO         7775    i.sys_arch_mbox_tryfetch  sys_arch.o
    0x0800d2c6   0x0800d2c6   0x0000000a   Code   RO         7776    i.sys_arch_protect  sys_arch.o
    0x0800d2d0   0x0800d2d0   0x00000056   Code   RO         7777    i.sys_arch_sem_wait  sys_arch.o
    0x0800d326   0x0800d326   0x0000000a   Code   RO         7778    i.sys_arch_unprotect  sys_arch.o
    0x0800d330   0x0800d330   0x0000000c   Code   RO         7780    i.sys_init          sys_arch.o
    0x0800d33c   0x0800d33c   0x00000012   Code   RO         7781    i.sys_mbox_free     sys_arch.o
    0x0800d34e   0x0800d34e   0x00000020   Code   RO         7782    i.sys_mbox_new      sys_arch.o
    0x0800d36e   0x0800d36e   0x00000018   Code   RO         7783    i.sys_mbox_post     sys_arch.o
    0x0800d386   0x0800d386   0x00000006   Code   RO         7784    i.sys_mbox_set_invalid  sys_arch.o
    0x0800d38c   0x0800d38c   0x00000020   Code   RO         7785    i.sys_mbox_trypost  sys_arch.o
    0x0800d3ac   0x0800d3ac   0x0000000e   Code   RO         7786    i.sys_mbox_valid    sys_arch.o
    0x0800d3ba   0x0800d3ba   0x0000000c   Code   RO         7787    i.sys_sem_free      sys_arch.o
    0x0800d3c6   0x0800d3c6   0x0000003e   Code   RO         7788    i.sys_sem_new       sys_arch.o
    0x0800d404   0x0800d404   0x00000006   Code   RO         7789    i.sys_sem_set_invalid  sys_arch.o
    0x0800d40a   0x0800d40a   0x00000012   Code   RO         7790    i.sys_sem_signal    sys_arch.o
    0x0800d41c   0x0800d41c   0x0000000e   Code   RO         7791    i.sys_sem_valid     sys_arch.o
    0x0800d42a   0x0800d42a   0x00000002   PAD
    0x0800d42c   0x0800d42c   0x00000050   Code   RO         7792    i.sys_thread_new    sys_arch.o
    0x0800d47c   0x0800d47c   0x00000158   Code   RO         5881    i.sys_timeout       lwip_timers.o
    0x0800d5d4   0x0800d5d4   0x00000034   Code   RO         5882    i.sys_timeouts_init  lwip_timers.o
    0x0800d608   0x0800d608   0x00000088   Code   RO         5883    i.sys_timeouts_mbox_fetch  lwip_timers.o
    0x0800d690   0x0800d690   0x00000060   Code   RO         5884    i.sys_untimeout     lwip_timers.o
    0x0800d6f0   0x0800d6f0   0x00000138   Code   RO         1027    i.system_clock_120m_hxtal  system_gd32f30x.o
    0x0800d828   0x0800d828   0x00000008   Code   RO         1028    i.system_clock_config  system_gd32f30x.o
    0x0800d830   0x0800d830   0x00000140   Code   RO         6331    i.tcp_abandon       tcp.o
    0x0800d970   0x0800d970   0x0000000e   Code   RO         6332    i.tcp_abort         tcp.o
    0x0800d97e   0x0800d97e   0x00000004   Code   RO         6333    i.tcp_accept        tcp.o
    0x0800d982   0x0800d982   0x00000008   Code   RO         6334    i.tcp_accept_null   tcp.o
    0x0800d98a   0x0800d98a   0x00000002   PAD
    0x0800d98c   0x0800d98c   0x000000c4   Code   RO         6335    i.tcp_alloc         tcp.o
    0x0800da50   0x0800da50   0x00000004   Code   RO         6336    i.tcp_arg           tcp.o
    0x0800da54   0x0800da54   0x00000134   Code   RO         6337    i.tcp_bind          tcp.o
    0x0800db88   0x0800db88   0x00000068   Code   RO          402    i.tcp_client_init   tcp_client.o
    0x0800dbf0   0x0800dbf0   0x0000038c   Code   RO          403    i.tcp_client_task   tcp_client.o
    0x0800df7c   0x0800df7c   0x0000001c   Code   RO         6338    i.tcp_close         tcp.o
    0x0800df98   0x0800df98   0x00000258   Code   RO         6339    i.tcp_close_shutdown  tcp.o
    0x0800e1f0   0x0800e1f0   0x000000b8   Code   RO         6614    i.tcp_create_segment  tcp_out.o
    0x0800e2a8   0x0800e2a8   0x0000002e   Code   RO         6342    i.tcp_eff_send_mss  tcp.o
    0x0800e2d6   0x0800e2d6   0x00000002   PAD
    0x0800e2d8   0x0800e2d8   0x000002b0   Code   RO         6615    i.tcp_enqueue_flags  tcp_out.o
    0x0800e588   0x0800e588   0x000000ac   Code   RO         6343    i.tcp_err           tcp.o
    0x0800e634   0x0800e634   0x00000080   Code   RO         6344    i.tcp_fasttmr       tcp.o
    0x0800e6b4   0x0800e6b4   0x00000002   Code   RO         6345    i.tcp_init          tcp.o
    0x0800e6b6   0x0800e6b6   0x00000002   PAD
    0x0800e6b8   0x0800e6b8   0x000006c8   Code   RO         6563    i.tcp_input         tcp_in.o
    0x0800ed80   0x0800ed80   0x0000004e   Code   RO         6616    i.tcp_keepalive     tcp_out.o
    0x0800edce   0x0800edce   0x00000002   PAD
    0x0800edd0   0x0800edd0   0x00000058   Code   RO         6346    i.tcp_kill_prio     tcp.o
    0x0800ee28   0x0800ee28   0x00000040   Code   RO         6347    i.tcp_kill_timewait  tcp.o
    0x0800ee68   0x0800ee68   0x0000013c   Code   RO         6564    i.tcp_listen_input  tcp_in.o
    0x0800efa4   0x0800efa4   0x0000016c   Code   RO         6348    i.tcp_listen_with_backlog  tcp.o
    0x0800f110   0x0800f110   0x0000000a   Code   RO         6349    i.tcp_new           tcp.o
    0x0800f11a   0x0800f11a   0x00000002   PAD
    0x0800f11c   0x0800f11c   0x00000068   Code   RO         6350    i.tcp_new_port      tcp.o
    0x0800f184   0x0800f184   0x0000001c   Code   RO         6351    i.tcp_next_iss      tcp.o
    0x0800f1a0   0x0800f1a0   0x00000290   Code   RO         6617    i.tcp_output        tcp_out.o
    0x0800f430   0x0800f430   0x00000124   Code   RO         6618    i.tcp_output_alloc_header  tcp_out.o
    0x0800f554   0x0800f554   0x000000d8   Code   RO         6619    i.tcp_output_segment  tcp_out.o
    0x0800f62c   0x0800f62c   0x000000d0   Code   RO         6565    i.tcp_parseopt      tcp_in.o
    0x0800f6fc   0x0800f6fc   0x00000104   Code   RO         6620    i.tcp_pbuf_prealloc  tcp_out.o
    0x0800f800   0x0800f800   0x00000058   Code   RO         6352    i.tcp_pcb_purge     tcp.o
    0x0800f858   0x0800f858   0x0000014c   Code   RO         6353    i.tcp_pcb_remove    tcp.o
    0x0800f9a4   0x0800f9a4   0x000000ac   Code   RO         6354    i.tcp_poll          tcp.o
    0x0800fa50   0x0800fa50   0x000006a0   Code   RO         6566    i.tcp_process       tcp_in.o
    0x080100f0   0x080100f0   0x00000094   Code   RO         6355    i.tcp_process_refused_data  tcp.o
    0x08010184   0x08010184   0x00000938   Code   RO         6567    i.tcp_receive       tcp_in.o
    0x08010abc   0x08010abc   0x000000ac   Code   RO         6356    i.tcp_recv          tcp.o
    0x08010b68   0x08010b68   0x0000002e   Code   RO         6357    i.tcp_recv_null     tcp.o
    0x08010b96   0x08010b96   0x00000002   PAD
    0x08010b98   0x08010b98   0x00000128   Code   RO         6358    i.tcp_recved        tcp.o
    0x08010cc0   0x08010cc0   0x0000005a   Code   RO         6621    i.tcp_rexmit        tcp_out.o
    0x08010d1a   0x08010d1a   0x00000078   Code   RO         6622    i.tcp_rexmit_fast   tcp_out.o
    0x08010d92   0x08010d92   0x0000003a   Code   RO         6623    i.tcp_rexmit_rto    tcp_out.o
    0x08010dcc   0x08010dcc   0x0000012c   Code   RO         6624    i.tcp_rst           tcp_out.o
    0x08010ef8   0x08010ef8   0x0000001a   Code   RO         6359    i.tcp_seg_free      tcp.o
    0x08010f12   0x08010f12   0x00000018   Code   RO         6360    i.tcp_segs_free     tcp.o
    0x08010f2a   0x08010f2a   0x00000054   Code   RO         6625    i.tcp_send_empty_ack  tcp_out.o
    0x08010f7e   0x08010f7e   0x0000004a   Code   RO         6626    i.tcp_send_fin      tcp_out.o
    0x08010fc8   0x08010fc8   0x000000ac   Code   RO         6361    i.tcp_sent          tcp.o
    0x08011074   0x08011074   0x00000062   Code   RO         6363    i.tcp_shutdown      tcp.o
    0x080110d6   0x080110d6   0x00000002   PAD
    0x080110d8   0x080110d8   0x00000600   Code   RO         6364    i.tcp_slowtmr       tcp.o
    0x080116d8   0x080116d8   0x00000038   Code   RO         5885    i.tcp_timer_needed  lwip_timers.o
    0x08011710   0x08011710   0x000000ac   Code   RO         6568    i.tcp_timewait_input  tcp_in.o
    0x080117bc   0x080117bc   0x00000024   Code   RO         6365    i.tcp_tmr           tcp.o
    0x080117e0   0x080117e0   0x000000e0   Code   RO         6366    i.tcp_update_rcv_ann_wnd  tcp.o
    0x080118c0   0x080118c0   0x00000728   Code   RO         6627    i.tcp_write         tcp_out.o
    0x08011fe8   0x08011fe8   0x00000190   Code   RO         6628    i.tcp_write_checks  tcp_out.o
    0x08012178   0x08012178   0x000000b4   Code   RO         6629    i.tcp_zero_window_probe  tcp_out.o
    0x0801222c   0x0801222c   0x00000040   Code   RO         7541    i.tcpip_apimsg      tcpip.o
    0x0801226c   0x0801226c   0x00000060   Code   RO         7542    i.tcpip_callback_with_block  tcpip.o
    0x080122cc   0x080122cc   0x000000e0   Code   RO         7545    i.tcpip_init        tcpip.o
    0x080123ac   0x080123ac   0x0000004c   Code   RO         7546    i.tcpip_input       tcpip.o
    0x080123f8   0x080123f8   0x00000038   Code   RO         5886    i.tcpip_tcp_timer   lwip_timers.o
    0x08012430   0x08012430   0x00000170   Code   RO         7547    i.tcpip_thread      tcpip.o
    0x080125a0   0x080125a0   0x00000118   Code   RO         6712    i.udp_bind          udp.o
    0x080126b8   0x080126b8   0x00000068   Code   RO         6713    i.udp_connect       udp.o
    0x08012720   0x08012720   0x00000028   Code   RO          471    i.udp_echo_init     udp_echo.o
    0x08012748   0x08012748   0x00000002   Code   RO         6715    i.udp_init          udp.o
    0x0801274a   0x0801274a   0x00000002   PAD
    0x0801274c   0x0801274c   0x00000290   Code   RO         6716    i.udp_input         udp.o
    0x080129dc   0x080129dc   0x0000001c   Code   RO         6717    i.udp_new           udp.o
    0x080129f8   0x080129f8   0x00000058   Code   RO         6718    i.udp_new_port      udp.o
    0x08012a50   0x08012a50   0x00000006   Code   RO         6719    i.udp_recv          udp.o
    0x08012a56   0x08012a56   0x00000002   PAD
    0x08012a58   0x08012a58   0x00000040   Code   RO         6720    i.udp_remove        udp.o
    0x08012a98   0x08012a98   0x00000014   Code   RO         6721    i.udp_send          udp.o
    0x08012aac   0x08012aac   0x00000036   Code   RO         6722    i.udp_sendto        udp.o
    0x08012ae2   0x08012ae2   0x00000002   PAD
    0x08012ae4   0x08012ae4   0x00000194   Code   RO         6723    i.udp_sendto_if     udp.o
    0x08012c78   0x08012c78   0x00000be0   Code   RO          472    i.udp_task          udp_echo.o
    0x08013858   0x08013858   0x00000094   Code   RO         5193    i.usart_baudrate_set  gd32f30x_usart.o
    0x080138ec   0x080138ec   0x0000000a   Code   RO         5196    i.usart_data_receive  gd32f30x_usart.o
    0x080138f6   0x080138f6   0x00000008   Code   RO         5197    i.usart_data_transmit  gd32f30x_usart.o
    0x080138fe   0x080138fe   0x00000002   PAD
    0x08013900   0x08013900   0x00000090   Code   RO         5198    i.usart_deinit      gd32f30x_usart.o
    0x08013990   0x08013990   0x0000000a   Code   RO         5202    i.usart_enable      gd32f30x_usart.o
    0x0801399a   0x0801399a   0x0000001e   Code   RO         5204    i.usart_flag_get    gd32f30x_usart.o
    0x080139b8   0x080139b8   0x0000001a   Code   RO         5211    i.usart_interrupt_enable  gd32f30x_usart.o
    0x080139d2   0x080139d2   0x0000001a   Code   RO         5212    i.usart_interrupt_flag_clear  gd32f30x_usart.o
    0x080139ec   0x080139ec   0x00000038   Code   RO         5213    i.usart_interrupt_flag_get  gd32f30x_usart.o
    0x08013a24   0x08013a24   0x00000010   Code   RO         5226    i.usart_receive_config  gd32f30x_usart.o
    0x08013a34   0x08013a34   0x0000000e   Code   RO         5228    i.usart_receiver_timeout_enable  gd32f30x_usart.o
    0x08013a42   0x08013a42   0x00000014   Code   RO         5229    i.usart_receiver_timeout_threshold_config  gd32f30x_usart.o
    0x08013a56   0x08013a56   0x00000010   Code   RO         5240    i.usart_transmit_config  gd32f30x_usart.o
    0x08013a66   0x08013a66   0x00000002   PAD
    0x08013a68   0x08013a68   0x000000f4   Code   RO          688    i.utc_time_to_second_time  clock_application.o
    0x08013b5c   0x08013b5c   0x00000028   Code   RO         7991    i.uxListRemove      list.o
    0x08013b84   0x08013b84   0x0000001c   Code   RO         8034    i.uxQueueMessagesWaiting  queue.o
    0x08013ba0   0x08013ba0   0x0000001a   Code   RO         7992    i.vListInitialise   list.o
    0x08013bba   0x08013bba   0x00000006   Code   RO         7993    i.vListInitialiseItem  list.o
    0x08013bc0   0x08013bc0   0x00000034   Code   RO         7994    i.vListInsert       list.o
    0x08013bf4   0x08013bf4   0x00000018   Code   RO         7995    i.vListInsertEnd    list.o
    0x08013c0c   0x08013c0c   0x00000044   Code   RO         8664    i.vPortEnterCritical  port.o
    0x08013c50   0x08013c50   0x0000002c   Code   RO         8665    i.vPortExitCritical  port.o
    0x08013c7c   0x08013c7c   0x00000040   Code   RO         8623    i.vPortFree         heap_2.o
    0x08013cbc   0x08013cbc   0x00000020   Code   RO         8666    i.vPortSetupTimerInterrupt  port.o
    0x08013cdc   0x08013cdc   0x0000005c   Code   RO         8667    i.vPortValidateInterruptPriority  port.o
    0x08013d38   0x08013d38   0x00000018   Code   RO         8668    i.vPortYield        port.o
    0x08013d50   0x08013d50   0x0000002c   Code   RO         8037    i.vQueueAddToRegistry  queue.o
    0x08013d7c   0x08013d7c   0x0000001e   Code   RO         8038    i.vQueueDelete      queue.o
    0x08013d9a   0x08013d9a   0x00000002   PAD
    0x08013d9c   0x08013d9c   0x0000002c   Code   RO         8040    i.vQueueUnregisterQueue  queue.o
    0x08013dc8   0x08013dc8   0x00000042   Code   RO         8041    i.vQueueWaitForMessageRestricted  queue.o
    0x08013e0a   0x08013e0a   0x00000002   PAD
    0x08013e0c   0x08013e0c   0x00000070   Code   RO         8224    i.vTaskDelay        tasks.o
    0x08013e7c   0x08013e7c   0x000000c0   Code   RO         8226    i.vTaskDelete       tasks.o
    0x08013f3c   0x08013f3c   0x0000000c   Code   RO         8228    i.vTaskMissedYield  tasks.o
    0x08013f48   0x08013f48   0x00000070   Code   RO         8230    i.vTaskPlaceOnEventList  tasks.o
    0x08013fb8   0x08013fb8   0x00000074   Code   RO         8231    i.vTaskPlaceOnEventListRestricted  tasks.o
    0x0801402c   0x0801402c   0x000000b0   Code   RO         8233    i.vTaskPriorityInherit  tasks.o
    0x080140dc   0x080140dc   0x00000024   Code   RO         8237    i.vTaskSetTimeOutState  tasks.o
    0x08014100   0x08014100   0x00000068   Code   RO         8238    i.vTaskStartScheduler  tasks.o
    0x08014168   0x08014168   0x00000010   Code   RO         8240    i.vTaskSuspendAll   tasks.o
    0x08014178   0x08014178   0x00000080   Code   RO         8241    i.vTaskSwitchContext  tasks.o
    0x080141f8   0x080141f8   0x000000a0   Code   RO         8669    i.xPortStartScheduler  port.o
    0x08014298   0x08014298   0x0000006a   Code   RO         8044    i.xQueueGenericCreate  queue.o
    0x08014302   0x08014302   0x0000015a   Code   RO         8045    i.xQueueGenericReceive  queue.o
    0x0801445c   0x0801445c   0x00000078   Code   RO         8046    i.xQueueGenericReset  queue.o
    0x080144d4   0x080144d4   0x00000142   Code   RO         8047    i.xQueueGenericSend  queue.o
    0x08014616   0x08014616   0x000000ac   Code   RO         8048    i.xQueueGenericSendFromISR  queue.o
    0x080146c2   0x080146c2   0x00000094   Code   RO         8049    i.xQueueGiveFromISR  queue.o
    0x08014756   0x08014756   0x00000002   PAD
    0x08014758   0x08014758   0x00000074   Code   RO         8242    i.xTaskCheckForTimeOut  tasks.o
    0x080147cc   0x080147cc   0x00000138   Code   RO         8243    i.xTaskGenericCreate  tasks.o
    0x08014904   0x08014904   0x00000020   Code   RO         8247    i.xTaskGetSchedulerState  tasks.o
    0x08014924   0x08014924   0x0000000c   Code   RO         8248    i.xTaskGetTickCount  tasks.o
    0x08014930   0x08014930   0x0000013c   Code   RO         8250    i.xTaskIncrementTick  tasks.o
    0x08014a6c   0x08014a6c   0x000000ac   Code   RO         8253    i.xTaskPriorityDisinherit  tasks.o
    0x08014b18   0x08014b18   0x0000008c   Code   RO         8254    i.xTaskRemoveFromEventList  tasks.o
    0x08014ba4   0x08014ba4   0x000000e8   Code   RO         8256    i.xTaskResumeAll    tasks.o
    0x08014c8c   0x08014c8c   0x00000050   Code   RO         8537    i.xTimerCreate      timers.o
    0x08014cdc   0x08014cdc   0x0000004c   Code   RO         8538    i.xTimerCreateTimerTask  timers.o
    0x08014d28   0x08014d28   0x00000074   Code   RO         8539    i.xTimerGenericCommand  timers.o
    0x08014d9c   0x08014d9c   0x0000000c   Data   RO          787    .constdata          display_dp.o
    0x08014da8   0x08014da8   0x00000030   Data   RO         6012    .constdata          memp.o
    0x08014dd8   0x08014dd8   0x00000050   Data   RO         6367    .constdata          tcp.o
    0x08014e28   0x08014e28   0x00000008   Data   RO         6929    .constdata          ip_addr.o
    0x08014e30   0x08014e30   0x00000040   Data   RO         7388    .constdata          sockets.o
    0x08014e70   0x08014e70   0x0000000c   Data   RO         7646    .constdata          etharp.o
    0x08014e7c   0x08014e7c   0x00000094   Data   RO           10    .conststring        main.o
    0x08014f10   0x08014f10   0x00000059   Data   RO          689    .conststring        clock_application.o
    0x08014f69   0x08014f69   0x00000003   PAD
    0x08014f6c   0x08014f6c   0x0000008c   Data   RO         5665    .conststring        dhcp.o
    0x08014ff8   0x08014ff8   0x00000075   Data   RO         6368    .conststring        tcp.o
    0x0801506d   0x0801506d   0x00000003   PAD
    0x08015070   0x08015070   0x00000055   Data   RO         6630    .conststring        tcp_out.o
    0x080150c5   0x080150c5   0x00000003   PAD
    0x080150c8   0x080150c8   0x00000044   Data   RO         7647    .conststring        etharp.o
    0x0801510c   0x0801510c   0x00000044   Data   RO         7732    .conststring        ethernetif.o
    0x08015150   0x08015150   0x00000020   Data   RO         9046    Region$$Table       anon$$obj.o


    Execution Region RW_IRAM1 (Exec base: 0x20000000, Load base: 0x08015170, Size: 0x00010cc8, Max: 0x00018000, ABSOLUTE, COMPRESSED[0x00000034])

    Exec Addr    Load Addr    Size         Type   Attr      Idx    E Section Name        Object

    0x20000000   COMPRESSED   0x00000006   Data   RW           11    .data               main.o
    0x20000006   COMPRESSED   0x00000001   Data   RW          322    .data               netconf.o
    0x20000007   COMPRESSED   0x00000001   PAD
    0x20000008   COMPRESSED   0x00000004   Data   RW          404    .data               tcp_client.o
    0x2000000c   COMPRESSED   0x0000000c   Data   RW          474    .data               udp_echo.o
    0x20000018   COMPRESSED   0x00000004   Data   RW          519    .data               gd32f30x_enet_eval.o
    0x2000001c   COMPRESSED   0x00000004   Data   RW          569    .data               gd32f30x_it.o
    0x20000020   COMPRESSED   0x00000005   Data   RW          640    .data               ntp_client.o
    0x20000025   COMPRESSED   0x00000003   PAD
    0x20000028   COMPRESSED   0x00000010   Data   RW          690    .data               clock_application.o
    0x20000038   COMPRESSED   0x00000010   Data   RW          788    .data               display_dp.o
    0x20000048   COMPRESSED   0x00000004   Data   RW         1029    .data               system_gd32f30x.o
    0x2000004c   COMPRESSED   0x00000014   Data   RW         2318    .data               gd32f30x_enet.o
    0x20000060   COMPRESSED   0x00000020   Data   RW         5571    .data               gd32f307c_eval.o
    0x20000080   COMPRESSED   0x00000004   Data   RW         5666    .data               dhcp.o
    0x20000084   COMPRESSED   0x00000008   Data   RW         5887    .data               lwip_timers.o
    0x2000008c   COMPRESSED   0x00000010   Data   RW         5970    .data               mem.o
    0x2000009c   COMPRESSED   0x00000009   Data   RW         6065    .data               netif.o
    0x200000a5   COMPRESSED   0x00000003   PAD
    0x200000a8   COMPRESSED   0x00000004   Data   RW         6265    .data               raw.o
    0x200000ac   COMPRESSED   0x00000024   Data   RW         6369    .data               tcp.o
    0x200000d0   COMPRESSED   0x00000020   Data   RW         6570    .data               tcp_in.o
    0x200000f0   COMPRESSED   0x00000008   Data   RW         6724    .data               udp.o
    0x200000f8   COMPRESSED   0x00000012   Data   RW         6890    .data               ip.o
    0x2000010a   COMPRESSED   0x00000002   PAD
    0x2000010c   COMPRESSED   0x00000008   Data   RW         7389    .data               sockets.o
    0x20000114   COMPRESSED   0x0000000c   Data   RW         7551    .data               tcpip.o
    0x20000120   COMPRESSED   0x00000001   Data   RW         7648    .data               etharp.o
    0x20000121   COMPRESSED   0x00000003   PAD
    0x20000124   COMPRESSED   0x0000000c   Data   RW         7733    .data               ethernetif.o
    0x20000130   COMPRESSED   0x00000002   Data   RW         7793    .data               sys_arch.o
    0x20000132   COMPRESSED   0x00000002   PAD
    0x20000134   COMPRESSED   0x00000038   Data   RW         8259    .data               tasks.o
    0x2000016c   COMPRESSED   0x00000010   Data   RW         8542    .data               timers.o
    0x2000017c   COMPRESSED   0x00000018   Data   RW         8627    .data               heap_2.o
    0x20000194   COMPRESSED   0x0000000c   Data   RW         8670    .data               port.o
    0x200001a0   COMPRESSED   0x00000004   Data   RW         9022    .data               mc_w.l(stdout.o)
    0x200001a4        -       0x00000064   Zero   RW            9    .bss                main.o
    0x20000208        -       0x00000034   Zero   RW          321    .bss                netconf.o
    0x2000023c        -       0x00000040   Zero   RW          473    .bss                udp_echo.o
    0x2000027c        -       0x00003c64   Zero   RW         2316    .bss                gd32f30x_enet.o
    0x20003ee0        -       0x00000032   Zero   RW         5664    .bss                dhcp.o
    0x20003f12        -       0x00001414   Zero   RW         5969    .bss                mem.o
    0x20005326   COMPRESSED   0x00000002   PAD
    0x20005328        -       0x00003af7   Zero   RW         6011    .bss                memp.o
    0x20008e1f   COMPRESSED   0x00000001   PAD
    0x20008e20        -       0x00000014   Zero   RW         6569    .bss                tcp_in.o
    0x20008e34        -       0x00000060   Zero   RW         7387    .bss                sockets.o
    0x20008e94        -       0x000000c8   Zero   RW         7645    .bss                etharp.o
    0x20008f5c        -       0x00000040   Zero   RW         8056    .bss                queue.o
    0x20008f9c        -       0x00000104   Zero   RW         8258    .bss                tasks.o
    0x200090a0        -       0x00000028   Zero   RW         8541    .bss                timers.o
    0x200090c8        -       0x00007800   Zero   RW         8626    .bss                heap_2.o
    0x200108c8        -       0x00000400   Zero   RW         5593    STACK               startup_gd32f30x_cl.o


==============================================================================

Image component sizes


      Code (inc. data)   RO Data    RW Data    ZI Data      Debug   Object Name

      3560       1730          0          0          0      20828   api_lib.o
      6422       2380          0          0          0      17819   api_msg.o
      1394        232         89         16          0       7525   clock_application.o
        62          0          0          0          0       2292   def.o
      7382       2234        140          4         50      23956   dhcp.o
       948        138         12         16          0       7056   display_dp.o
      4380       1430         80          1        200      14708   etharp.o
       876        144         68         12          0       5692   ethernetif.o
       196         30          0         32          0       1643   gd32f307c_eval.o
       120         12          0          0          0       1974   gd32f30x_bkp.o
      2620        240          0         20      15460      18352   gd32f30x_enet.o
       504         30          0          4          0       3499   gd32f30x_enet_eval.o
       736         66          0          0          0       6227   gd32f30x_fmc.o
       148         26          0          0          0       2659   gd32f30x_fwdgt.o
       202          6          0          0          0       2288   gd32f30x_gpio.o
       362         78          0          4          0       3928   gd32f30x_it.o
       204         26          0          0          0       2208   gd32f30x_misc.o
        20          6          0          0          0        590   gd32f30x_pmu.o
      1032         94          0          0          0       8719   gd32f30x_rcu.o
       216         44          0          0          0       5583   gd32f30x_rtc.o
       524         16          0          0          0       9293   gd32f30x_usart.o
       304         40          0         24      30720       3887   heap_2.o
      1158        488          0          0          0       3441   icmp.o
         0          0          0          0          0       3904   inet.o
       200          0          0          0          0       2877   inet_chksum.o
        36          0          0          0          0      10377   init.o
      1172        300          0         18          0       7933   ip.o
        78          0          8          0          0       7526   ip_addr.o
       148          0          0          0          0       3478   list.o
       836        244          0          8          0       7031   lwip_timers.o
      2088        492        148          6        100     136933   main.o
      2236        994          0         16       5140       5685   mem.o
       572        310         48          0      15095       3762   memp.o
       420        246          0          0          0       3555   netbuf.o
       300         84          0          1         52      10323   netconf.o
       598        144          0          9          0       8643   netif.o
       864         90          0          5          0       2244   ntp_client.o
      3598       1562          0          0          0       8613   pbuf.o
       682         86          0         12          0       8634   port.o
      1778         12          0          0         64      14565   queue.o
       596        158          0          4          0       5797   raw.o
      4640       1092         64          8         96      17154   sockets.o
        36          8        336          0       1024        920   startup_gd32f30x_cl.o
       570          8          0          2          0      13401   sys_arch.o
       384         36          0          4          0       1815   system_gd32f30x.o
      2914        408          0         56        260      22062   tasks.o
      5858       2116        197         36          0      33917   tcp.o
      1012        290          0          4          0      10313   tcp_client.o
      6488       1210          0         32         20      17463   tcp_in.o
      5512       1596         85          0          0      16095   tcp_out.o
       828        310          0         12          0      10070   tcpip.o
      1138        106          0         16         40      10134   timers.o
      1706        412          0          8          0      18520   udp.o
      3116        520          0         12         64      34793   udp_echo.o

    ----------------------------------------------------------------------
     83862      22324       1316        416      68388     632704   Object Totals
         0          0         32          0          0          0   (incl. Generated)
        88          0          9         14          3          0   (incl. Padding)

    ----------------------------------------------------------------------

      Code (inc. data)   RO Data    RW Data    ZI Data      Debug   Library Member Name

        86          0          0          0          0          0   __dczerorl2.o
         0          0          0          0          0          0   entry.o
         0          0          0          0          0          0   entry10a.o
         0          0          0          0          0          0   entry11a.o
         8          4          0          0          0          0   entry2.o
         4          0          0          0          0          0   entry5.o
         0          0          0          0          0          0   entry7b.o
         0          0          0          0          0          0   entry8b.o
         8          4          0          0          0          0   entry9a.o
        30          0          0          0          0          0   handlers.o
        36          8          0          0          0         68   init.o
        30          0          0          0          0         68   llshl.o
        32          0          0          0          0         68   llushr.o
        26          0          0          0          0         80   memcmp.o
        36          0          0          0          0         68   memcpya.o
        36          0          0          0          0        108   memseta.o
       736         56          0          0          0        184   printf5.o
         0          0          0          4          0          0   stdout.o
        36          0          0          0          0         80   strstr.o
        98          0          0          0          0         92   uldiv.o

    ----------------------------------------------------------------------
      1206         72          0          4          0        816   Library Totals
         4          0          0          0          0          0   (incl. Padding)

    ----------------------------------------------------------------------

      Code (inc. data)   RO Data    RW Data    ZI Data      Debug   Library Name

      1202         72          0          4          0        816   mc_w.l

    ----------------------------------------------------------------------
      1206         72          0          4          0        816   Library Totals

    ----------------------------------------------------------------------

==============================================================================


      Code (inc. data)   RO Data    RW Data    ZI Data      Debug   

     85068      22396       1316        420      68388     610092   Grand Totals
     85068      22396       1316         52      68388     610092   ELF Image Totals (compressed)
     85068      22396       1316         52          0          0   ROM Totals

==============================================================================

    Total RO  Size (Code + RO Data)                86384 (  84.36kB)
    Total RW  Size (RW Data + ZI Data)             68808 (  67.20kB)
    Total ROM Size (Code + RO Data + RW Data)      86436 (  84.41kB)

==============================================================================

